[www.mymoviecatalog.com/index.html]
[backblue.gif]
[fade.gif]
[index.html]
[www.mymoviecatalog.com/wp-content/uploads/2020/01/1.jpg]
[www.google-analytics.com/analytics.js]
[www.mymoviecatalog.com/comments/feed/index.html]
[www.mymoviecatalog.com/feed/index.html]
[www.mymoviecatalog.com/wp-includes/js/jquery/jquery4a5f.js]
[www.mymoviecatalog.com/wp-includes/js/jquery/jquery-migrate.min330a.js]
[www.mymoviecatalog.com/wp-content/plugins/google-analytics-for-wordpress/assets/js/frontend.min4f90.js]
[www.mymoviecatalog.com/wp-content/themes/madd-magazine/js/scripts8a54.js]
[www.mymoviecatalog.com/xmlrpc0db0.php]
[www.mymoviecatalog.com/wp-includes/wlwmanifest.xml]
[www.mymoviecatalog.com/wp-json/index.html]
[www.mymoviecatalog.com/wp-json/oembed/1.0/embed1c12.json]
[www.mymoviecatalog.com/wp-json/oembed/1.0/embed134d]
[pagead2.googlesyndication.com/pagead/js/f.txt]
[www.mymoviecatalog.com/wp-content/uploads/2020/04/cropped-profile-32x32.png]
[www.mymoviecatalog.com/wp-content/uploads/2020/04/cropped-profile-192x192.png]
[www.mymoviecatalog.com/wp-content/uploads/2020/04/cropped-profile-180x180.png]
[www.mymoviecatalog.com/wp-content/uploads/2020/03/download-1-300x46.png]
[www.mymoviecatalog.com/blog/index.html]
[www.mymoviecatalog.com/wp-content/uploads/2020/04/cropped-default.png]
[www.mymoviecatalog.com/elementor-92/index.html]
[www.mymoviecatalog.com/contact-us/index.html]
[www.mymoviecatalog.com/search/index.html]
[www.mymoviecatalog.com/wp-content/uploads/2020/04/cartoon-1024x1024.jpg]
[www.mymoviecatalog.com/category/action/index.html]
[www.mymoviecatalog.com/category/biographical-films/index.html]
[www.mymoviecatalog.com/wp-content/uploads/2020/03/image1-1-1024x1024.jpg]
[www.mymoviecatalog.com/category/comedy/index.html]
[www.mymoviecatalog.com/wp-content/uploads/2020/10/MV5BZjNkNzk0ZjEtM2M1ZC00MmMxLTlmOWEtNWRlZTc1ZTUyNzY4XkEyXkFqcGdeQXVyMTEyMjM2NDc2._V1_-1-150x150.jpg]
[www.mymoviecatalog.com/category/thriller/index.html]
[www.mymoviecatalog.com/wp-content/uploads/2020/06/maxresdefault-150x150.jpg]
[www.mymoviecatalog.com/category/drama/index.html]
[www.mymoviecatalog.com/wp-content/uploads/2020/06/91KArYP03YL._AC_SL1500_-150x150.jpg]
[www.mymoviecatalog.com/wp-content/uploads/2020/05/egdieselbloodshotfb-150x150.jpg]
[www.mymoviecatalog.com/category/horror/index.html]
[www.mymoviecatalog.com/category/crime/index.html]
[www.mymoviecatalog.com/wp-content/uploads/2020/05/mark-150x150.jpg]
[www.mymoviecatalog.com/category/sci-fi/index.html]
[www.mymoviecatalog.com/wp-content/uploads/2020/03/images.jpg]
[www.mymoviecatalog.com/category/romance/index.html]
[www.mymoviecatalog.com/terms-and-conditions/index.html]
[www.mymoviecatalog.com/wp-content/uploads/2020/04/profile-150x150.png]
[www.mymoviecatalog.com/privacy-policy/index.html]
[www.mymoviecatalog.com/wp-content/plugins/elementskit-lite/widgets/mail-chimp/assets/js/mail-chimp5152.js]
[www.mymoviecatalog.com/enola-holmes-2020/index.html]
[www.mymoviecatalog.com/malang/index.html]
[www.mymoviecatalog.com/wp-content/plugins/rate-my-post/public/js/rate-my-post324d.js]
[www.mymoviecatalog.com/parasite-2019/index.html]
[www.mymoviecatalog.com/bloodshot-2020/index.html]
[www.mymoviecatalog.com/the-social-network-2010/index.html]
[www.mymoviecatalog.com/wp-content/plugins/elementor/assets/lib/swiper/swiper.min48f5.js]
[www.mymoviecatalog.com/wp-content/plugins/elementskit-lite/libs/framework/assets/js/frontend-scripte29d.js]
[www.mymoviecatalog.com/wp-content/plugins/elementskit-lite/widgets/init/assets/js/nav-menu00d1.js]
[www.mymoviecatalog.com/wp-content/plugins/elementskit-lite/widgets/init/assets/js/ui-slim.min00d1.js]
[www.mymoviecatalog.com/wp-includes/js/wp-embed.min00d1.js]
[www.mymoviecatalog.com/wp-content/plugins/elementor/assets/js/frontend-modules.min7d47.js]
[www.mymoviecatalog.com/wp-includes/js/jquery/ui/position.mine899.js]
[www.mymoviecatalog.com/wp-content/plugins/elementor/assets/lib/dialog/dialog.minae9e.js]
[www.mymoviecatalog.com/wp-content/plugins/elementor/assets/lib/waypoints/waypoints.min05da.js]
[www.mymoviecatalog.com/wp-content/plugins/elementor/assets/lib/share-link/share-link.min7d47.js]
[www.mymoviecatalog.com/wp-content/plugins/elementor/assets/js/frontend.min7d47.js]
[www.mymoviecatalog.com/wp-content/plugins/elementskit-lite/widgets/init/assets/js/elementore29d.js]
[www.mymoviecatalog.com/wp-content/plugins/elementskit-lite/modules/controls/assets/js/widgetarea-editor00d1.js]
[www.mymoviecatalog.com/index.html]
[www.mymoviecatalog.com/wp-content/plugins/elementor/assets/css/frontend.min7d47.css]
[www.mymoviecatalog.com/wp-content/uploads/elementor/css/post-3235ca8.css]
[www.mymoviecatalog.com/wp-content/plugins/header-footer-elementor/inc/widgets-css/frontende7f0.css]
[www.mymoviecatalog.com/wp-includes/css/dist/block-library/style.min00d1.css]
[www.mymoviecatalog.com/wp-content/plugins/rate-my-post/public/css/fonts/ratemypost98c1.eot]
[www.mymoviecatalog.com/wp-content/plugins/rate-my-post/public/css/fonts/ratemypost98c1.ttf]
[www.mymoviecatalog.com/wp-content/plugins/rate-my-post/public/css/fonts/ratemypost98c1.woff]
[www.mymoviecatalog.com/wp-content/plugins/rate-my-post/public/css/rate-my-post324d.css]
[www.mymoviecatalog.com/wp-content/plugins/search-filter/style68b3.css]
[www.mymoviecatalog.com/wp-content/plugins/shortcode-imdb/includes/assets/imdb-bg.png]
[www.mymoviecatalog.com/wp-content/plugins/shortcode-imdb/includes/assets/imdb-bg2.png]
[www.mymoviecatalog.com/wp-content/plugins/shortcode-imdb/includes/css/stylefef0.css]
[www.mymoviecatalog.com/wp-content/plugins/header-footer-elementor/assets/css/header-footer-elementore7f0.css]
[www.mymoviecatalog.com/wp-content/plugins/elementor/assets/lib/eicons/fonts/eicons2cbf.eot]
[www.mymoviecatalog.com/wp-content/plugins/elementor/assets/lib/eicons/fonts/eicons2cbf.woff2]
[www.mymoviecatalog.com/wp-content/plugins/elementor/assets/lib/eicons/fonts/eicons2cbf.woff]
[www.mymoviecatalog.com/wp-content/plugins/elementor/assets/lib/eicons/fonts/eicons2cbf.ttf]
[www.mymoviecatalog.com/wp-content/plugins/elementor/assets/lib/eicons/css/elementor-icons.min4c7e.css]
[www.mymoviecatalog.com/wp-content/plugins/elementor/assets/lib/animations/animations.min7d47.css]
[www.mymoviecatalog.com/wp-content/plugins/elementskit-lite/modules/controls/assets/css/widgetarea-editor8a54.css]
[www.mymoviecatalog.com/wp-content/uploads/elementor/css/global9cfa.css]
[www.mymoviecatalog.com/wp-content/uploads/elementor/css/post-699cfa.css]
[www.mymoviecatalog.com/wp-content/plugins/elementor/assets/lib/font-awesome/fonts/fontawesome-webfont3e6e.eot]
[www.mymoviecatalog.com/wp-content/plugins/elementor/assets/lib/font-awesome/fonts/fontawesome-webfontd41d.eot]
[www.mymoviecatalog.com/wp-content/plugins/elementor/assets/lib/font-awesome/fonts/fontawesome-webfont3e6e.woff2]
[www.mymoviecatalog.com/wp-content/plugins/elementor/assets/lib/font-awesome/fonts/fontawesome-webfont3e6e.woff]
[www.mymoviecatalog.com/wp-content/plugins/elementor/assets/lib/font-awesome/fonts/fontawesome-webfont3e6e.ttf]
[www.mymoviecatalog.com/wp-content/plugins/elementor/assets/lib/font-awesome/css/font-awesome.min1849.css]
[www.mymoviecatalog.com/wp-content/themes/madd-magazine/js/lib/swiper/css/swiper.minbfce.css]
[www.mymoviecatalog.com/wp-content/themes/madd-magazine/style00d1.css]
[www.mymoviecatalog.com/wp-content/plugins/elementskit-lite/libs/framework/assets/css/frontend-style00d1.css]
[www.mymoviecatalog.com/wp-content/plugins/recent-posts-widget-with-thumbnails/publicbdeb.html]
[www.mymoviecatalog.com/wp-content/plugins/elementskit-lite/widgets/init/assets/fonts/elementskit97ac.ttf]
[www.mymoviecatalog.com/wp-content/plugins/elementskit-lite/widgets/init/assets/fonts/elementskit97ac.woff]
[www.mymoviecatalog.com/wp-content/plugins/elementskit-lite/widgets/init/assets/img/ajax-loader.gif]
[www.mymoviecatalog.com/wp-content/plugins/elementskit-lite/widgets/init/assets/fonts/slick.eot]
[www.mymoviecatalog.com/wp-content/plugins/elementskit-lite/widgets/init/assets/fonts/slickd41d.eot]
[www.mymoviecatalog.com/wp-content/plugins/elementskit-lite/widgets/init/assets/fonts/slick.woff]
[www.mymoviecatalog.com/wp-content/plugins/elementskit-lite/widgets/init/assets/fonts/slick.ttf]
[www.mymoviecatalog.com/wp-content/plugins/elementskit-lite/widgets/init/assets/img/arrow.png]
[www.mymoviecatalog.com/wp-content/plugins/elementskit-lite/widgets/init/assets/img/sort_asc.png]
[www.mymoviecatalog.com/wp-content/plugins/elementskit-lite/widgets/init/assets/img/sort_desc.png]
[www.mymoviecatalog.com/wp-content/plugins/elementskit-lite/widgets/init/assets/img/sort_asc_disabled.png]
[www.mymoviecatalog.com/wp-content/plugins/elementskit-lite/widgets/init/assets/css/vendorse29d.css]
[www.mymoviecatalog.com/wp-content/plugins/elementskit-lite/widgets/init/assets/css/stylee29d.css]
[www.mymoviecatalog.com/wp-content/plugins/elementskit-lite/widgets/init/assets/css/responsivee29d.css]
[www.mymoviecatalog.com/wp-content/plugins/elementskit-lite/modules/controls/assets/fonts/elementskit97ac.ttf]
[www.mymoviecatalog.com/wp-content/plugins/elementskit-lite/modules/controls/assets/fonts/elementskit97ac.woff]
[www.mymoviecatalog.com/wp-content/plugins/elementskit-lite/modules/controls/assets/css/ekiticonsad76.css]
[www.mymoviecatalog.com/wp-content/uploads/2020/10/MV5BZjNkNzk0ZjEtM2M1ZC00MmMxLTlmOWEtNWRlZTc1ZTUyNzY4XkEyXkFqcGdeQXVyMTEyMjM2NDc2._V1_-1.jpg]
[www.mymoviecatalog.com/wp-content/uploads/2020/06/maxresdefault.jpg]
[www.mymoviecatalog.com/category/adventure/index.html]
[www.mymoviecatalog.com/wp-content/uploads/2020/06/91KArYP03YL._AC_SL1500_.jpg]
[www.mymoviecatalog.com/category/mystery/index.html]
[www.mymoviecatalog.com/wp-content/uploads/2020/05/egdieselbloodshotfb.jpg]
[www.mymoviecatalog.com/wp-content/uploads/2020/05/mark-scaled.jpg]
[www.mymoviecatalog.com/wp-content/uploads/2020/05/sonic.jpg]
[www.mymoviecatalog.com/sonic-the-hedgehog-2020/index.html]
[www.mymoviecatalog.com/wp-content/uploads/2020/04/mib.jpg]
[www.mymoviecatalog.com/men-in-black-international-2019/index.html]
[www.mymoviecatalog.com/wp-content/uploads/2020/04/affiche-underwater-2020-5.jpg]
[www.mymoviecatalog.com/underwater2020/index.html]
[www.mymoviecatalog.com/wp-content/uploads/2020/04/71H4EDEfcwL._AC_SL1500_.jpg]
[www.mymoviecatalog.com/joker/index.html]
[www.mymoviecatalog.com/wp-content/uploads/2020/04/steve-jobs-56b27031c6e9e.jpg]
[www.mymoviecatalog.com/steve-jobs-2015/index.html]
[www.mymoviecatalog.com/wp-content/uploads/2020/04/once-upon-a-time-in-hollywood.jpg]
[www.mymoviecatalog.com/wp-content/uploads/2020/03/wp5099327.png]
[www.mymoviecatalog.com/wp-content/uploads/2020/05/sonic-730x485.jpg]
[www.mymoviecatalog.com/6-underground/index.html]
[www.mymoviecatalog.com/wp-content/uploads/2020/04/affiche-underwater-2020-5-730x485.jpg]
[www.mymoviecatalog.com/wp-content/uploads/2020/04/71H4EDEfcwL._AC_SL1500_-730x485.jpg]
[www.mymoviecatalog.com/wp-content/uploads/2020/04/steve-jobs-56b27031c6e9e-730x485.jpg]
[www.mymoviecatalog.com/wp-content/uploads/2020/04/once-upon-a-time-in-hollywood-730x485.jpg]
[www.mymoviecatalog.com/wp-content/uploads/2020/03/wp5099327-730x485.png]
[www.mymoviecatalog.com/wp-content/uploads/2020/10/MV5BZjNkNzk0ZjEtM2M1ZC00MmMxLTlmOWEtNWRlZTc1ZTUyNzY4XkEyXkFqcGdeQXVyMTEyMjM2NDc2._V1_-1-730x485.jpg]
[www.mymoviecatalog.com/wp-content/uploads/2020/06/maxresdefault-730x485.jpg]
[www.mymoviecatalog.com/wp-content/uploads/2020/06/91KArYP03YL._AC_SL1500_-730x485.jpg]
[www.mymoviecatalog.com/wp-content/uploads/2020/05/mark-730x485.jpg]
[www.mymoviecatalog.com/blog/index.html]
[www.mymoviecatalog.com/wp-json/oembed/1.0/embedc7c9.json]
[www.mymoviecatalog.com/wp-json/oembed/1.0/embed14d6]
[www.mymoviecatalog.com/wp-content/uploads/2020/03/kisspng-cargo-ship-transport-stock-photography-advertising-5aba6519358432.4468044315221650172192-150x150.jpg]
[www.mymoviecatalog.com/wp-content/uploads/2020/03/cartoon-1024x1024.jpg]
[www.mymoviecatalog.com/wp-content/uploads/2020/03/FAST-FURIOUS-9-2020-1024x512.jpg]
[www.mymoviecatalog.com/wp-content/uploads/2020/03/daniel-craig-james-bond-movie-casino-royale.jpg]
[www.mymoviecatalog.com/wp-content/uploads/elementor/thumbs/1-1-omvj59m6cjfa40h3p51d2txd3p7d5j6x00nzdo4t0c.jpg]
[www.mymoviecatalog.com/wp-content/uploads/elementor/thumbs/2-omvkzj8k6250mc7uqs8hv3x8rmkxtc9o40ebdxvmcc.jpg]
[www.mymoviecatalog.com/wp-content/uploads/elementor/thumbs/3-omvl03x0cexbprdte16adypdu3r0iojriuqzy10yjg.jpg]
[www.mymoviecatalog.com/wp-content/uploads/elementor/thumbs/4-omvl0iyfdrhwviryy7obhuwrc9ovxu7gwx6rmgenrw.jpg]
[www.mymoviecatalog.com/wp-content/uploads/elementor/thumbs/5-omvl17e8bgfd9dsgzi8maoqqsacfhywhoa5e3nefa4.jpg]
[www.mymoviecatalog.com/wp-content/uploads/elementor/thumbs/6-omvl1ioalgut4pc35n454lw9wwsu2c59ptz7uyxp7g.jpg]
[www.mymoviecatalog.com/wp-content/uploads/elementor/thumbs/7-omvl1tycvha900vpbrznyj1t1j98mpe1rdt1magz4s.jpg]
[www.mymoviecatalog.com/wp-content/uploads/elementor/thumbs/8-omvl2743j5s9ikcl6xofxfq9cxgdmguah6xuc5xgpo.jpg]
[www.mymoviecatalog.com/wp-content/uploads/elementor/thumbs/9-omvl2m5ikicuobqqr46h1bxmv3e91mhzv9dm0lb5y4.jpg]
[www.mymoviecatalog.com/wp-content/uploads/elementor/thumbs/10-omvl39nhbd90qkslxwc59o05pq6fe23aahor0icbmk.jpg]
[www.mymoviecatalog.com/wp-content/uploads/elementor/thumbs/11-omvl3lvds7pqxiauyjmao2x5fqi764fso66293u7do.jpg]
[www.mymoviecatalog.com/wp-content/uploads/elementor/thumbs/12-omvl3y3a926h4ft3z6wg2hu55qtyy6sb1undhpc34s.jpg]
[www.mymoviecatalog.com/wp-content/uploads/elementor/thumbs/13-omvl4xt5grjddmd86mc9p8tnqdxx2oq3urftq7v4kc.jpg]
[www.mymoviecatalog.com/wp-content/uploads/elementor/thumbs/14-omvl5hjrgaae5fkjzcvfnluc7h8mkbwgxh50t11uxo.jpg]
[www.mymoviecatalog.com/wp-content/uploads/elementor/thumbs/15-omvl5upi3ysenz1fuik7miisivfrk3cpna9tiwicik.jpg]
[www.mymoviecatalog.com/wp-content/uploads/elementor/thumbs/16-omvl68t2yhbpi4gyk6nm5wypfni9rjwop823q1xfx8.jpg]
[www.mymoviecatalog.com/wp-content/uploads/elementor/thumbs/17-omvl6l0zfbsfp1z7ktxrkbvp5nu1jm972wjeynfboc.jpg]
[www.mymoviecatalog.com/wp-content/uploads/elementor/thumbs/18-omvl6y6q30ag7lg3fzmjj8k5h216jdpfspo7oivt98.jpg]
[www.mymoviecatalog.com/wp-content/uploads/elementor/thumbs/19-omvl7bcgqosgq4wzb5bbi58lsg8bj55oiit0eecau4.jpg]
[www.mymoviecatalog.com/wp-content/uploads/elementor/thumbs/20-1-omvl7pg1l7brkaci0teq1joip8atqlpnkglaljre8s.jpg]
[www.mymoviecatalog.com/wp-content/uploads/elementor/thumbs/21-omvl83jmfpv2efs0qhi4ky4fm0dby29mmedksp6hng.jpg]
[www.mymoviecatalog.com/wp-content/uploads/elementor/thumbs/22-omvl8hn7a8ed8l7jg5lj4ckcisfu5itloc5uzull24.jpg]
[www.mymoviecatalog.com/wp-content/uploads/elementor/thumbs/23-omvl98wisffola3y0zdpmnopqyphcqttg32xwvh61o.jpg]
[www.mymoviecatalog.com/wp-content/uploads/elementor/thumbs/24-1-omvl9m29g3xp3tktw52hlkd62cwmcia25w7qmqxnmk.jpg]
[www.mymoviecatalog.com/wp-content/uploads/elementor/thumbs/25-omvl9z803sfpmd1prar9kh1mdr3rc9qavpcjcme57g.jpg]
[www.mymoviecatalog.com/wp-content/uploads/elementor/thumbs/26-omvlals4ntald04y3kib8bcon00kh07uyt06v9gp24.jpg]
[www.mymoviecatalog.com/wp-content/uploads/elementor/thumbs/27-omvlayxvbhslvjltyq737814ye7pgro3om4zl4x6n0.jpg]
[www.mymoviecatalog.com/wp-content/uploads/elementor/thumbs/28-omvlbhqn46icbquiwybml3acu3n1qpqqf76p6o5b6k.jpg]
[www.mymoviecatalog.com/wp-content/uploads/elementor/thumbs/29-omvlbvu7yp1n5wa1mmf14hq9qvpjy6aph4yzdtkel8.jpg]
[www.mymoviecatalog.com/wp-content/uploads/elementor/thumbs/30-omvlcbth6vnin9mu1bbosvp3ufisl1257c28jiwpng.jpg]
[www.mymoviecatalog.com/elementor-92/index.html]
[www.mymoviecatalog.com/wp-json/oembed/1.0/embed992e.json]
[www.mymoviecatalog.com/wp-json/oembed/1.0/embed3a54]
[www.mymoviecatalog.com/wp-content/plugins/fluentform/public/js/form-submissione1e3.js]
[www.mymoviecatalog.com/contact-us/index.html]
[www.mymoviecatalog.com/wp-json/oembed/1.0/embed9167.json]
[www.mymoviecatalog.com/wp-json/oembed/1.0/embed2a7c]
[www.mymoviecatalog.com/search/index.html]
[www.mymoviecatalog.com/category/action/index.html]
[www.mymoviecatalog.com/category/biographical-films/index.html]
[www.mymoviecatalog.com/category/comedy/index.html]
[www.mymoviecatalog.com/category/thriller/index.html]
[www.mymoviecatalog.com/category/biographical-films/feed/index.html]
[www.mymoviecatalog.com/category/action/feed/index.html]
[www.mymoviecatalog.com/category/comedy/feed/index.html]
[www.mymoviecatalog.com/category/thriller/feed/index.html]
[www.mymoviecatalog.com/category/drama/index.html]
[www.mymoviecatalog.com/category/drama/feed/index.html]
[www.mymoviecatalog.com/category/horror/index.html]
[www.mymoviecatalog.com/category/crime/index.html]
[www.mymoviecatalog.com/category/horror/feed/index.html]
[www.mymoviecatalog.com/category/crime/feed/index.html]
[www.mymoviecatalog.com/category/sci-fi/index.html]
[www.mymoviecatalog.com/category/romance/index.html]
[www.mymoviecatalog.com/category/sci-fi/feed/index.html]
[www.mymoviecatalog.com/category/romance/feed/index.html]
[www.mymoviecatalog.com/wp-json/oembed/1.0/embed9e1e.json]
[www.mymoviecatalog.com/wp-json/oembed/1.0/embedd78e]
[www.mymoviecatalog.com/terms-and-conditions/index.html]
[www.mymoviecatalog.com/wp-json/oembed/1.0/embede448.json]
[www.mymoviecatalog.com/wp-json/oembed/1.0/embedb2e6]
[www.mymoviecatalog.com/privacy-policy/index.html]
[www.mymoviecatalog.com/enola-holmes-2020/feed/index.html]
[www.mymoviecatalog.com/wp-json/oembed/1.0/embed37ca.json]
[www.mymoviecatalog.com/wp-json/oembed/1.0/embed5a37]
[www.mymoviecatalog.com/wp-content/plugins/shortcode-imdb/includes/assets/onlystar.png]
[m.media-amazon.com/images/M/MV5BZjNkNzk0ZjEtM2M1ZC00MmMxLTlmOWEtNWRlZTc1ZTUyNzY4XkEyXkFqcGdeQXVyMTEyMjM2NDc2._V1_UX182_CR0,0,182,268_AL_.jpg]
[m.media-amazon.com/images/M/MV5BYWFiODNhNzMtM2UzMS00YWNiLThiNTYtODc3MjczYjA2NTc2XkEyXkFqcGdeQXZ3ZXNsZXk@._V1_UX477_CR0,0,477,268_AL_.jpg]
[www.mymoviecatalog.com/wp-content/plugins/shortcode-imdb/includes/assets/player.png]
[m.media-amazon.com/images/M/MV5BZDk3NzFlNmMtNjUwZi00ZDdjLWJlNzEtMTI5Y2ZiODIxMjc3XkEyXkFqcGdeQXVyNjY0Mzk3NzA@._V1_UY99_CR38,0,99,99_AL_.jpg]
[m.media-amazon.com/images/M/MV5BYWE1YWEzZWUtNjk0Yy00ZTA1LWJlZmMtOGJlNDk1NmViYWU2XkEyXkFqcGdeQXVyNjY0Mzk3NzA@._V1_UY99_CR24,0,99,99_AL_.jpg]
[m.media-amazon.com/images/M/MV5BMDhiZWNmYjAtOGEwZi00ODA4LThlNGUtNzM0NzBjMTZlZTFkXkEyXkFqcGdeQXVyNjY0Mzk3NzA@._V1_UY99_CR39,0,99,99_AL_.jpg]
[m.media-amazon.com/images/M/MV5BNTI3NDY5NzQtNmI1Yi00OTRjLThiODQtNTkwNmUyMjM4OTNmXkEyXkFqcGdeQXVyNjY0Mzk3NzA@._V1_UY99_CR38,0,99,99_AL_.jpg]
[m.media-amazon.com/images/M/MV5BYmRjNzJiN2UtOWEyNi00YmMxLWI2ZTAtM2QzYjYzOWMwOGQ0XkEyXkFqcGdeQXVyNjY0Mzk3NzA@._V1_UY99_CR38,0,99,99_AL_.jpg]
[m.media-amazon.com/images/M/MV5BMzE5MzliNmUtODcwMC00NjRhLWEyNGItOTQ5YzZjYWE5YjY4XkEyXkFqcGdeQXVyNjY0Mzk3NzA@._V1_UY99_CR25,0,99,99_AL_.jpg]
[m.media-amazon.com/images/M/MV5BMjA5NzA0NzQzMF5BMl5BanBnXkFtZTgwMTQxNjUzNjM@._V1_UX32_CR0,0,32,44_AL_.jpg]
[m.media-amazon.com/images/M/MV5BODI0MTYzNTIxNl5BMl5BanBnXkFtZTcwNjg2Nzc0NA@@._V1_UY44_CR2,0,32,44_AL_.jpg]
[m.media-amazon.com/images/M/MV5BYWFiODNhNzMtM2UzMS00YWNiLThiNTYtODc3MjczYjA2NTc2XkEyXkFqcGdeQXZ3ZXNsZXk@._V1_SP330,330,0,C,0,0,0_CR65,90,200,150_PIimdb-blackband-204-14,TopLeft,0,0_PIimdb-blackband-204-28,]
[m.media-amazon.com/images/M/MV5BMjI3MDQxNDUwOF5BMl5BanBnXkFtZTgwNjY4NjI3NjE@._V1_UX32_CR0,0,32,44_AL_.jpg]
[m.media-amazon.com/images/M/MV5BMTUzMzUzMDg5MV5BMl5BanBnXkFtZTcwMDA5NDMwNA@@._V1_UX32_CR0,0,32,44_AL_.jpg]
[m.media-amazon.com/images/M/MV5BOWFiZDg0YzUtNWQ2NC00NmRlLWE1NjctZDUzYjIzMmRhYTUzXkEyXkFqcGdeQXVyNTkzNDI2OTE@._V1_UY44_CR1,0,32,44_AL_.jpg]
[m.media-amazon.com/images/M/MV5BNDUyNzY1OTQtOGRhNS00OGY3LTgxNmMtYWYwMWQ2YzBlNDlmXkEyXkFqcGdeQVRoaXJkUGFydHlJbmdlc3Rpb25Xb3JrZmxvdw@@._V1_SP330,330,0,C,0,0,0_CR65,90,200,150_PIimdb-blackband-204-14,TopLeft,]
[m.media-amazon.com/images/M/MV5BZmRjYmU0NDgtNTdiNS00N2Y4LTg5MzctNTU3NGNkOTgxYWE2XkEyXkFqcGdeQXVyMTA2MDIzMDE5._V1_UY44_CR1,0,32,44_AL_.jpg]
[m.media-amazon.com/images/M/MV5BMTk2NTMwMjE2Ml5BMl5BanBnXkFtZTgwNDI5MDA1MzI@._V1_UX32_CR0,0,32,44_AL_.jpg]
[m.media-amazon.com/images/M/MV5BYTY1MjgyZTktOTkwOS00MjkyLWE2NDAtYTQ5YzAxZTBlYWJlXkEyXkFqcGdeQXVyMjkwNzMwMTU@._V1_UY44_CR1,0,32,44_AL_.jpg]
[m.media-amazon.com/images/M/MV5BODQ0NDg1NzMtMGJiYi00YjhlLWI1NGYtYzNkNzEwNTNiYTllXkEyXkFqcGdeQXVyMTI3MDk3MzQ@._V1_UY44_CR36,0,32,44_AL_.jpg]
[m.media-amazon.com/images/M/MV5BMTc4NDUxNjc4OV5BMl5BanBnXkFtZTcwNDUyMzk5Nw@@._V1_UX32_CR0,0,32,44_AL_.jpg]
[m.media-amazon.com/images/M/MV5BZDZjNjYyOGItOWFiOC00ZmQ3LThiZjQtMDVkYWRlY2JlMzY0XkEyXkFqcGdeQW1pYnJ5YW50._V1_SP330,330,0,C,0,0,0_CR65,90,200,150_PIimdb-blackband-204-14,TopLeft,0,0_PIimdb-blackband-204-28,]
[m.media-amazon.com/images/M/MV5BMjE4NTc2Mjk5N15BMl5BanBnXkFtZTcwODMzOTkwNw@@._V1_UX32_CR0,0,32,44_AL_.jpg]
[m.media-amazon.com/images/M/MV5BZWMxOWQxYWEtNzliMS00ZGFjLTk2MmYtOTM1NjRkN2U0NTZlXkEyXkFqcGdeQXVyMTIwNDA2NDY3._V1_UY44_CR1,0,32,44_AL_.jpg]
[m.media-amazon.com/images/M/MV5BMjA0OTE5OTU2MV5BMl5BanBnXkFtZTcwNTk3NTc1NA@@._V1_UX32_CR0,0,32,44_AL_.jpg]
[m.media-amazon.com/images/M/MV5BMDg5MjkxMGUtM2EyOC00MzE5LTgyMTAtNGViOTQ1Y2E0M2RiXkEyXkFqcGdeQXVyMTI0NDgyNjg1._V1_UY44_CR1,0,32,44_AL_.jpg]
[m.media-amazon.com/images/M/MV5BNjU5NzYyNjk2OV5BMl5BanBnXkFtZTcwMjU2MDgwOA@@._V1_UX32_CR0,0,32,44_AL_.jpg]
[www.mymoviecatalog.com/wp-content/uploads/2020/10/MV5BZjNkNzk0ZjEtM2M1ZC00MmMxLTlmOWEtNWRlZTc1ZTUyNzY4XkEyXkFqcGdeQXVyMTEyMjM2NDc2._V1_.jpg]
[www.mymoviecatalog.com/wp-content/uploads/2020/10/MV5BZjNkNzk0ZjEtM2M1ZC00MmMxLTlmOWEtNWRlZTc1ZTUyNzY4XkEyXkFqcGdeQXVyMTEyMjM2NDc2._V1_-150x150.jpg]
[www.mymoviecatalog.com/wp-content/uploads/2020/10/EnolaHolmes-FirstLook-Header.jpg]
[www.mymoviecatalog.com/wp-content/uploads/2020/10/EnolaHolmes-FirstLook-Header-150x150.jpg]
[www.mymoviecatalog.com/wp-content/uploads/2020/10/Enola-Holmes-Movie-Posters-Tease-A-New-Perspective-On-Sherlock.jpg]
[www.mymoviecatalog.com/wp-content/uploads/2020/10/Enola-Holmes-Movie-Posters-Tease-A-New-Perspective-On-Sherlock-150x150.jpg]
[www.mymoviecatalog.com/wp-includes/js/comment-reply.min00d1.js]
[www.mymoviecatalog.com/enola-holmes-2020/index.html]
[www.mymoviecatalog.com/wp-json/oembed/1.0/embedbc68.json]
[www.mymoviecatalog.com/malang/feed/index.html]
[www.mymoviecatalog.com/wp-json/oembed/1.0/embed4ea1]
[m.media-amazon.com/images/M/MV5BMDJiMDQyYTItZTA0NC00NmVlLTg3NGItMjQwOWI2ZjY0MmE5XkEyXkFqcGdeQXVyOTAzMTc2MjA@._V1_UY268_CR9,0,182,268_AL_.jpg]
[m.media-amazon.com/images/M/MV5BMjYwMzQwNDUtZDc0ZC00NzkzLTgzZTUtMDA0ZjA4MmNjYTA5XkEyXkFqcGdeQXRyYW5zY29kZS13b3JrZmxvdw@@._V1_CR61,0,1799,1012_AL_UY268_CR15,0,477,268_AL_.jpg]
[m.media-amazon.com/images/M/MV5BZTMzMzI0ZGItN2Y2ZC00NWZmLWExNzQtOGQ1NzRhOTEwMmIzXkEyXkFqcGdeQXVyODAzNzAwOTU@._V1_UX99_CR0,0,99,99_AL_.jpg]
[m.media-amazon.com/images/M/MV5BODJjNGM3NzgtZDhhYy00MmM0LWIxNzctY2RiM2Q2MWJjZjk5XkEyXkFqcGdeQXVyMTE4MDg3NTIz._V1_UY99_CR69,0,99,99_AL_.jpg]
[m.media-amazon.com/images/M/MV5BMjMyZDg0MjMtNDVjZC00ZjgwLWI0MWQtMzkwZjNkMGQyYTA2XkEyXkFqcGdeQXVyMTE4MDg3NTIz._V1_UY99_CR69,0,99,99_AL_.jpg]
[m.media-amazon.com/images/M/MV5BMDUwMjc0MDQtOTk1Yy00MmI4LTljNWEtMjNkZTQ3M2I4ZjUxXkEyXkFqcGdeQXVyMjUxMTY3ODM@._V1_UX99_CR0,0,99,99_AL_.jpg]
[m.media-amazon.com/images/M/MV5BZWU1OTczMGYtNTg5ZC00YjYzLTk4ZTUtZDU4OGQ0ODE0NTc3XkEyXkFqcGdeQXVyMTA5NzIyMDY5._V1_UY99_CR13,0,99,99_AL_.jpg]
[m.media-amazon.com/images/M/MV5BM2ViOGY0MzEtMDRhNi00MmNiLWJmZDMtMjFjNzE5ZWYzZGY1XkEyXkFqcGdeQXVyMTA5NzIyMDY5._V1_UY99_CR18,0,99,99_AL_.jpg]
[m.media-amazon.com/images/M/MV5BZmNlODEzM2YtOTUyOS00MDVmLTk4YzgtMzAxZmQ2ZDBkNTAyXkEyXkFqcGdeQXVyMTExNDQ2MTI@._V1_UX32_CR0,0,32,44_AL_.jpg]
[m.media-amazon.com/images/M/MV5BMjUyMWE5MjUtMDlkMC00ODc0LThkOTgtNjZhNDgyMTU5ZDhlXkEyXkFqcGdeQXVyMTExNDQ2MTI@._V1_UX32_CR0,0,32,44_AL_.jpg]
[m.media-amazon.com/images/M/MV5BZmM3YTg2ZjUtNWMwMi00NWE2LWE1YmMtYWM1ZDViNmYzOWRkXkEyXkFqcGdeQXVyNDUzOTQ5MjY@._V1_UX32_CR0,0,32,44_AL_.jpg]
[m.media-amazon.com/images/M/MV5BMjYwMzQwNDUtZDc0ZC00NzkzLTgzZTUtMDA0ZjA4MmNjYTA5XkEyXkFqcGdeQXRyYW5zY29kZS13b3JrZmxvdw@@._V1_SP330,330,0,C,0,0,0_CR65,90,200,150_PIimdb-blackband-204-14,TopLeft,0,0_PIimdb-b]
[m.media-amazon.com/images/M/MV5BMmJiYjIwODctYjZlMy00M2IzLWI2OTItNDRiODZkNzcxNzllXkEyXkFqcGdeQXVyMTExNDQ2MTI@._V1_UX32_CR0,0,32,44_AL_.jpg]
[m.media-amazon.com/images/M/MV5BODc2ZmUwOTktN2Q2ZC00N2VhLTkxYjktOTAzZmU1OTFiY2QxXkEyXkFqcGdeQXVyNjgyOTU0ODU@._V1_UX32_CR0,0,32,44_AL_.jpg]
[m.media-amazon.com/images/M/MV5BNDJkMWFjNzEtNjhjNS00NTFiLTg0ZWMtZmMzYjZmMjNlNGRiXkEyXkFqcGdeQVRoaXJkUGFydHlJbmdlc3Rpb25Xb3JrZmxvdw@@._V1_SP330,330,0,C,0,0,0_CR65,90,200,150_PIimdb-blackband-204-14,TopLeft,]
[m.media-amazon.com/images/G/01/imdb/images/nopicture/32x44/name-2138558783._CB470041625_.png]
[m.media-amazon.com/images/M/MV5BMTEyNTc3OTM4NTJeQTJeQWpwZ15BbWU4MDczNjgwNDkx._V1_UX32_CR0,0,32,44_AL_.jpg]
[m.media-amazon.com/images/M/MV5BNDcyOGU3ODctZjZiZi00OWY1LWEzYjktOTIxNTUwMTAyODMzXkEyXkFqcGdeQXVyMjkxNzQ1NDI@._V1_UX32_CR0,0,32,44_AL_.jpg]
[m.media-amazon.com/images/M/MV5BMDdlZGRhNTctM2Y5ZC00NTk2LTllMjktNzQ5YzBmMmNlYjljXkEyXkFqcGdeQXVyNjc0MTQwOTc@._V1_UY44_CR23,0,32,44_AL_.jpg]
[m.media-amazon.com/images/M/MV5BMjVmZjAzYWMtNjZkYy00ODcwLWJhYWYtMTJiZTVmMTRmMjliXkEyXkFqcGdeQXVyNDUzOTQ5MjY@._V1_UX32_CR0,0,32,44_AL_.jpg]
[www.mymoviecatalog.com/wp-content/uploads/2020/06/maxresdefault-1-150x150.jpg]
[www.mymoviecatalog.com/wp-content/uploads/2020/06/malang_new_poster_aditya_roy_kapur_disha_patani_anil_kapoor_kunal_kemmu_starrers_trailer_to_be_out_today-150x150.jpg]
[www.mymoviecatalog.com/malang/index.html]
[www.mymoviecatalog.com/wp-json/oembed/1.0/embed20a3.json]
[www.mymoviecatalog.com/wp-json/oembed/1.0/embedb3e2]
[www.mymoviecatalog.com/parasite-2019/feed/index.html]
[m.media-amazon.com/images/M/MV5BYWZjMjk3ZTItODQ2ZC00NTY5LWE0ZDYtZTI3MjcwN2Q5NTVkXkEyXkFqcGdeQXVyODk4OTc3MTY@._V1_UX182_CR0,0,182,268_AL_.jpg]
[m.media-amazon.com/images/M/MV5BYWJjNWYzMzItYmEyNC00ODdmLWJmOGEtMWY0N2E2NGJlNTY0XkEyXkFqcGdeQWFybm8@._V1_CR164,0,953,536_AL_UY268_CR81,0,477,268_AL_.jpg]
[m.media-amazon.com/images/M/MV5BZjc2MzVlMDUtOGY4OC00NDlmLTgwMWItNGM3MDFiODAxNTA4XkEyXkFqcGdeQXVyMTkxNjUyNQ@@._V1_UY99_CR25,0,99,99_AL_.jpg]
[m.media-amazon.com/images/M/MV5BYjhlYzgwODItZjc5ZC00YWQxLThhZGYtNjM3M2RkMzM3ZDdiXkEyXkFqcGdeQXVyNzg0ODMwNDg@._V1_UY99_CR25,0,99,99_AL_.jpg]
[m.media-amazon.com/images/M/MV5BNWQyYjJhYTAtYzQwNC00YjAzLWJmODgtODE1NzY3YWE3M2JiXkEyXkFqcGdeQXVyNjA5NDgxNTg@._V1_UY99_CR29,0,99,99_AL_.jpg]
[m.media-amazon.com/images/M/MV5BOTk3YWM0ZjctYWRiNy00M2RiLWI4NmYtODRlODk2Yzc0ZGU4XkEyXkFqcGdeQXVyMDM2NDM2MQ@@._V1_UY99_CR24,0,99,99_AL_.jpg]
[m.media-amazon.com/images/M/MV5BNGUyZjAyZjctMzNhYS00YjNhLTg1ZjgtMTBiNzBlNGI2YTJlXkEyXkFqcGdeQXVyNzg0ODMwNDg@._V1_UY99_CR38,0,99,99_AL_.jpg]
[m.media-amazon.com/images/M/MV5BYTViMzg3ZDQtYjA4YS00MmYzLTlmZjYtYTZmMmFhMmU4MTA5XkEyXkFqcGdeQXVyOTYxNzc0NjU@._V1_UY99_CR65,0,99,99_AL_.jpg]
[m.media-amazon.com/images/M/MV5BYjYyYzcyZTAtY2I4Yy00NGE2LThiNzYtYmVjNGIyNWU2YjVkXkEyXkFqcGdeQXVyNTI5NjIyMw@@._V1_UX32_CR0,0,32,44_AL_.jpg]
[m.media-amazon.com/images/M/MV5BZWNhYTI0OTctODExYi00MDAyLWI3ZmEtNGYwMmJiMjhhOGU4XkEyXkFqcGdeQXVyNTI5NjIyMw@@._V1_UX32_CR0,0,32,44_AL_.jpg]
[m.media-amazon.com/images/M/MV5BYWJjNWYzMzItYmEyNC00ODdmLWJmOGEtMWY0N2E2NGJlNTY0XkEyXkFqcGdeQWFybm8@._V1_SP330,330,0,C,0,0,0_CR65,90,200,150_PIimdb-blackband-204-14,TopLeft,0,0_PIimdb-blackband-204-28,Bott]
[m.media-amazon.com/images/M/MV5BYzI3YWY1MjQtZDhmMC00MWFlLTk3NWYtMzU3MDYxNTcxZmUwXkEyXkFqcGdeQXVyNTI5NjIyMw@@._V1_UY44_CR1,0,32,44_AL_.jpg]
[m.media-amazon.com/images/M/MV5BYzZkMzdlOWItMmUwNC00MmY0LTlkNTgtZjVmMGRhNTQwZjcyXkEyXkFqcGdeQXVyNTI5NjIyMw@@._V1_UX32_CR0,0,32,44_AL_.jpg]
[m.media-amazon.com/images/M/MV5BOWUzZmVkYWEtMzRmNy00ZGRiLWE3YmUtYTJkOWM5ODU2NjI3XkEyXkFqcGdeQXVyMjIyNzU0OA@@._V1_UX32_CR0,0,32,44_AL_.jpg]
[m.media-amazon.com/images/M/MV5BZTJjNDM0YTYtY2QxZS00YzkxLTk3NzYtYzRhYzJmYWRlMzczXkEyXkFqcGdeQXVyNTI5NjIyMw@@._V1_UX32_CR0,0,32,44_AL_.jpg]
[m.media-amazon.com/images/M/MV5BZmYxYmQ4NDUtMjVhNi00YmU3LWFiMWQtZjE4ZDQ2YmE0ZDcyXkEyXkFqcGdeQXRzdGFzaWVr._V1_SP330,330,0,C,0,0,0_CR65,90,200,150_PIimdb-blackband-204-14,TopLeft,0,0_PIimdb-blackband-204-28,]
[m.media-amazon.com/images/M/MV5BMWRjOGZjOWUtZWUxMS00YjZiLTk4MmUtNmI3NjI5ZjQ5OTRjXkEyXkFqcGdeQXVyNjg3MDMxNzU@._V1_UX32_CR0,0,32,44_AL_.jpg]
[m.media-amazon.com/images/M/MV5BMDNiZDFjYzctMTk4Yi00NjE1LWIwMzUtMmEzNDQ5N2MzNGZjXkEyXkFqcGdeQXVyNTI5NjIyMw@@._V1_UX32_CR0,0,32,44_AL_.jpg]
[m.media-amazon.com/images/M/MV5BNTcxNDJkNWEtMGMyZC00NDNlLWJkYzMtZWQzOWNhYmM1YjQyXkEyXkFqcGdeQXRyYW5zY29kZS13b3JrZmxvdw@@._V1_SP330,330,0,C,0,0,0_CR65,90,200,150_PIimdb-blackband-204-14,TopLeft,0,0_PIimdb-b]
[m.media-amazon.com/images/M/MV5BNWNmNWQ3ZjctNDhmZC00ZDc5LWFiOTktNjY4MzUwOTI4NmE4XkEyXkFqcGdeQXVyNTI5NjIyMw@@._V1_UX32_CR0,0,32,44_AL_.jpg]
[m.media-amazon.com/images/M/MV5BYjVlNDc2OWUtMDNjNC00ZmJlLTkzOWMtYzAzYjAxZDQ0YjcyXkEyXkFqcGdeQXVyNTI5NjIyMw@@._V1_UY44_CR0,0,32,44_AL_.jpg]
[m.media-amazon.com/images/M/MV5BNjdhNmYwYTUtY2MxYS00YWUyLWIxYWItNDAyNzkyNjBjZTIyXkEyXkFqcGdeQXVyNTI5NjIyMw@@._V1_UX32_CR0,0,32,44_AL_.jpg]
[m.media-amazon.com/images/M/MV5BYTQ0Y2JkODYtM2I3My00ZWZlLWJhNzItZDgxNTNlOTQ5MTVlXkEyXkFqcGdeQXVyNTI5NjIyMw@@._V1_UX32_CR0,0,32,44_AL_.jpg]
[www.mymoviecatalog.com/wp-content/uploads/2020/06/parasite-original-movie-poster-15x21-in-2019-joon-ho-bong-kang-ho-song-150x150.jpg]
[www.mymoviecatalog.com/parasite-2019/index.html]
[www.mymoviecatalog.com/wp-json/oembed/1.0/embedb2a5.json]
[www.mymoviecatalog.com/bloodshot-2020/feed/index.html]
[www.mymoviecatalog.com/wp-json/oembed/1.0/embed66fd]
[m.media-amazon.com/images/M/MV5BYjA5YjA2YjUtMGRlNi00ZTU4LThhZmMtNDc0OTg4ZWExZjI3XkEyXkFqcGdeQXVyNjUyNjI3NzU@._V1_UY268_CR16,0,182,268_AL_.jpg]
[m.media-amazon.com/images/M/MV5BYTRjZjBiNzgtNjRjZi00NDM5LTg0MjQtMTVmNjE2ODc1OTQwXkEyXkFqcGdeQWpnYW1i._V1_UX477_CR0,0,477,268_AL_.jpg]
[m.media-amazon.com/images/M/MV5BOGIxNTI3ZTktOGU5My00MjUwLThhMjctMWZmMjIyZDM2NWY5XkEyXkFqcGdeQXVyNjA5NDgxNTg@._V1_UY99_CR29,0,99,99_AL_.jpg]
[m.media-amazon.com/images/M/MV5BYWExMjQzMzMtNGQxNy00ZmU0LThiNjYtMmRkYzdlOGIwMjQwXkEyXkFqcGdeQXVyMTkxNjUyNQ@@._V1_UY99_CR25,0,99,99_AL_.jpg]
[m.media-amazon.com/images/M/MV5BZGY5YTRmOTgtNjUwZC00NmZkLWEzMWMtMzAzZDI5YzExZTRjXkEyXkFqcGdeQXVyNjc1NDY3NzU@._V1_UY99_UX99_AL_.jpg]
[m.media-amazon.com/images/M/MV5BM2MzNzFkZTctNzIwZC00ZjIwLThkMDctY2I2ODNhZmMwNjI0XkEyXkFqcGdeQXVyNjA5NDgxNTg@._V1_UY99_CR29,0,99,99_AL_.jpg]
[m.media-amazon.com/images/M/MV5BOGFjZTExZjItNWY2NS00Y2IyLTgwZGQtMTA1Y2UxMDFhMmRiXkEyXkFqcGdeQXVyODk4OTc3MTY@._V1_UY99_CR25,0,99,99_AL_.jpg]
[m.media-amazon.com/images/M/MV5BNDE5ZjQxMTEtZTVjNy00OWVlLWFkMmEtZmI1NTQzMmM5NmFjXkEyXkFqcGdeQXVyNjA5NDgxNTg@._V1_UY99_CR29,0,99,99_AL_.jpg]
[m.media-amazon.com/images/M/MV5BMjExNzA4MDYxN15BMl5BanBnXkFtZTcwOTI1MDAxOQ@@._V1_UX32_CR0,0,32,44_AL_.jpg]
[m.media-amazon.com/images/M/MV5BYjI0MjU0YjgtNzRkZC00ZGNlLWEyMzMtOGM2MDEzZDFlYmRjXkEyXkFqcGdeQXVyNjA1OTA1Njk@._V1_UY44_CR1,0,32,44_AL_.jpg]
[m.media-amazon.com/images/M/MV5BYTRjZjBiNzgtNjRjZi00NDM5LTg0MjQtMTVmNjE2ODc1OTQwXkEyXkFqcGdeQWpnYW1i._V1_SP330,330,0,C,0,0,0_CR65,90,200,150_PIimdb-blackband-204-14,TopLeft,0,0_PIimdb-blackband-204-28,Bott]
[m.media-amazon.com/images/M/MV5BMTUwNzAyMzA2MF5BMl5BanBnXkFtZTgwNzA0MjQ1ODE@._V1_UX32_CR0,0,32,44_AL_.jpg]
[m.media-amazon.com/images/M/MV5BM2EyODM5NDctMWU3Zi00NDc2LWFhYzQtNmQ2ZDJiZTczMDgwXkEyXkFqcGdeQXVyMjQwMDg0Ng@@._V1_UY44_CR1,0,32,44_AL_.jpg]
[m.media-amazon.com/images/M/MV5BNDEyNDNlMDQtOTRmMC00NDA0LThhNzUtOWEzYzgyNThlMDJkXkEyXkFqcGdeQWpnYW1i._V1_SP330,330,0,C,0,0,0_CR65,90,200,150_PIimdb-blackband-204-14,TopLeft,0,0_PIimdb-blackband-204-28,Bott]
[m.media-amazon.com/images/M/MV5BMjE0MzUwNTUxM15BMl5BanBnXkFtZTcwNzU1OTY5Ng@@._V1_UY44_CR0,0,32,44_AL_.jpg]
[m.media-amazon.com/images/M/MV5BNmJhMWJkNTgtODIzMC00ZmIzLTliMjUtZGZmMmM1MTU5OTZhXkEyXkFqcGdeQXVyMjY5MDMxMzQ@._V1_UY44_CR6,0,32,44_AL_.jpg]
[m.media-amazon.com/images/M/MV5BMTgyNzc2NzY3Nl5BMl5BanBnXkFtZTgwNTMzMzAwMjE@._V1_UX32_CR0,0,32,44_AL_.jpg]
[m.media-amazon.com/images/M/MV5BOGQ3NTAxMzEtZTM3Yi00MDkyLTlkODgtZGI2MTQ2ZDA2NTQxXkEyXkFqcGdeQWFybm8@._V1_SP330,330,0,C,0,0,0_CR65,90,200,150_PIimdb-blackband-204-14,TopLeft,0,0_PIimdb-blackband-204-28,Bott]
[m.media-amazon.com/images/M/MV5BMDExOTNkNDAtZDExYi00MzI1LWJiMzQtZjljZTQwNjUxNGI1XkEyXkFqcGdeQXVyMTcxMTg3NDE@._V1_UY44_CR0,0,32,44_AL_.jpg]
[m.media-amazon.com/images/M/MV5BNWQzYzcxYmUtMzQxZC00ZmQ3LTgxZTYtNDlmZjNhZDA2N2Y1XkEyXkFqcGdeQXVyMjQwMDg0Ng@@._V1_UX32_CR0,0,32,44_AL_.jpg]
[m.media-amazon.com/images/M/MV5BNTAzMDhiMDctZGY1MC00OTBhLWIxYTMtZWZlMGM3OGI1ZjMyXkEyXkFqcGdeQXVyMzgyODc0MTQ@._V1_UX32_CR0,0,32,44_AL_.jpg]
[m.media-amazon.com/images/M/MV5BOTIyZmE4YzgtMmJlOC00NDFkLTg2M2UtZGVkNWEyNjllYjM0XkEyXkFqcGdeQXVyNjUxMjc1OTM@._V1_UY44_CR15,0,32,44_AL_.jpg]
[m.media-amazon.com/images/M/MV5BMTNjMzU0MTctNGE1My00NmI0LTk5YmUtMTZmZTczY2JkMDc5XkEyXkFqcGdeQXVyMjQwMDg0Ng@@._V1_UX32_CR0,0,32,44_AL_.jpg]
[m.media-amazon.com/images/M/MV5BMjE3MTM3MjYxNV5BMl5BanBnXkFtZTcwODc3MzAzMQ@@._V1_UX32_CR0,0,32,44_AL_.jpg]
[m.media-amazon.com/images/M/MV5BMTRhZWI0MjctMGU3ZS00ZjI1LWJiNzMtZTFhYmQ2MDJjM2YwXkEyXkFqcGdeQXVyMzM0ODg5NTU@._V1_UY44_CR0,0,32,44_AL_.jpg]
[www.mymoviecatalog.com/wp-content/uploads/2020/05/bloodshot-2020-vin-diesel-p5-768x432.jpg]
[www.mymoviecatalog.com/wp-content/uploads/2020/05/bloohot-1-768x960.jpg]
[www.mymoviecatalog.com/wp-content/uploads/2020/05/Bloodshot-25-768x329.jpg]
[www.mymoviecatalog.com/wp-content/uploads/2020/05/new-trailer-for-vin-diesels-bloodshot-shows-off-some-more-crazy-action-social-768x432.jpg]
[www.mymoviecatalog.com/wp-content/uploads/2020/05/bloodshot-vin-diesel-film-review-768x432.jpg]
[www.mymoviecatalog.com/bloodshot-2020/index.html]
[www.mymoviecatalog.com/wp-content/uploads/2020/05/mark-683x1024.jpg]
[www.mymoviecatalog.com/wp-json/oembed/1.0/embedf160.json]
[www.mymoviecatalog.com/the-social-network-2010/feed/index.html]
[www.mymoviecatalog.com/wp-json/oembed/1.0/embed9024]
[m.media-amazon.com/images/M/MV5BOGUyZDUxZjEtMmIzMC00MzlmLTg4MGItZWJmMzBhZjE0Mjc1XkEyXkFqcGdeQXVyMTMxODk2OTU@._V1_UX182_CR0,0,182,268_AL_.jpg]
[m.media-amazon.com/images/M/MV5BMTQzODA4NzQ3NV5BMl5BanBnXkFtZTgwNTQ3MjczMzE@._V1_UX477_CR0,0,477,268_AL_.jpg]
[m.media-amazon.com/images/M/MV5BMjE3OTcxMTk1MV5BMl5BanBnXkFtZTcwOTk0NTUxNA@@._V1_UY99_CR25,0,99,99_AL_.jpg]
[m.media-amazon.com/images/M/MV5BMTI5MTM4MTQ1Ml5BMl5BanBnXkFtZTcwODk0NTUxNA@@._V1_UY99_CR25,0,99,99_AL_.jpg]
[m.media-amazon.com/images/M/MV5BMTAwOTQ1ODEzMDleQTJeQWpwZ15BbWU3MDM3OTQwMzQ@._V1_UX99_CR0,0,99,99_AL_.jpg]
[m.media-amazon.com/images/M/MV5BMjI2NzQ4MDMyM15BMl5BanBnXkFtZTcwMDA1NTUxNA@@._V1_UX99_CR0,0,99,99_AL_.jpg]
[m.media-amazon.com/images/M/MV5BMTc5NzkwMzk4N15BMl5BanBnXkFtZTcwNzY5NDAzNA@@._V1_UX99_CR0,0,99,99_AL_.jpg]
[m.media-amazon.com/images/M/MV5BMTYwNzcwNTAxNF5BMl5BanBnXkFtZTcwNjk0NTUxNA@@._V1_UY99_CR25,0,99,99_AL_.jpg]
[m.media-amazon.com/images/M/MV5BNTE3MzQzODE3OV5BMl5BanBnXkFtZTcwMDE0ODY1NA@@._V1_UX32_CR0,0,32,44_AL_.jpg]
[m.media-amazon.com/images/M/MV5BMTM2NDE3MDk1OF5BMl5BanBnXkFtZTcwNjI1MDY0Nw@@._V1_UX32_CR0,0,32,44_AL_.jpg]
[m.media-amazon.com/images/M/MV5BMzUzMzUzNDEyNF5BMl5BanBnXkFtZTcwODE3MjAwNA@@._V1_UX32_CR0,0,32,44_AL_.jpg]
[m.media-amazon.com/images/M/MV5BNTcwNzA3MzMwOF5BMl5BanBnXkFtZTcwOTkzNjI5OA@@._V1_UY44_CR3,0,32,44_AL_.jpg]
[m.media-amazon.com/images/M/MV5BMTQzODA4NzQ3NV5BMl5BanBnXkFtZTgwNTQ3MjczMzE@._V1_SP330,330,0,C,0,0,0_CR65,90,200,150_PIimdb-blackband-204-14,TopLeft,0,0_PIimdb-blackband-204-28,BottomLeft,0,1_CR0,0,200,150]
[m.media-amazon.com/images/M/MV5BMjE2MjI2OTk1OV5BMl5BanBnXkFtZTgwNTY1NzM4MDI@._V1_UX32_CR0,0,32,44_AL_.jpg]
[m.media-amazon.com/images/M/MV5BMThjY2ZkNDMtMmEwMC00YjQ4LTk4OGYtNzBjNzhiY2I4ZTYxXkEyXkFqcGdeQXVyMjEyNDMzNA@@._V1_UX32_CR0,0,32,44_AL_.jpg]
[m.media-amazon.com/images/M/MV5BZjRlZTE0ODQtZWY0ZS00NzBiLWE3OWYtMzY5M2UxNGU5YmE3XkEyXkFqcGdeQXVyOTQ1MDc2Njg@._V1_UY44_CR17,0,32,44_AL_.jpg]
[m.media-amazon.com/images/M/MV5BMjA0NjY4MTM2NF5BMl5BanBnXkFtZTcwMTc2NDU2Mw@@._V1_SP330,330,0,C,0,0,0_CR65,90,200,150_PIimdb-blackband-204-14,TopLeft,0,0_PIimdb-blackband-204-28,BottomLeft,0,1_CR0,0,200,150]
[m.media-amazon.com/images/M/MV5BODBlNDdhMWYtY2RiYy00ODc2LWFhZjEtOTI4YTY0NDFlMjE2XkEyXkFqcGdeQXVyNjA0MTM0Mw@@._V1_UX32_CR0,0,32,44_AL_.jpg]
[m.media-amazon.com/images/M/MV5BMTZkNzZlMzMtOWE1NC00YTkyLWI5N2MtYTk0NTE5OTY5MjljXkEyXkFqcGdeQXVyNDY5ODgzOA@@._V1_UX32_CR0,0,32,44_AL_.jpg]
[m.media-amazon.com/images/M/MV5BOTU1Njk3NzkzN15BMl5BanBnXkFtZTcwNTY2MjE2Mw@@._V1_SP330,330,0,C,0,0,0_CR65,90,200,150_PIimdb-blackband-204-14,TopLeft,0,0_PIimdb-blackband-204-28,BottomLeft,0,1_CR0,0,200,150]
[m.media-amazon.com/images/M/MV5BOGQ4ZWUyMWQtZGQyOS00OTEyLWEzNjUtYjE0YmRlYTYzY2JlXkEyXkFqcGdeQXVyOTA1NDQxODg@._V1_UX32_CR0,0,32,44_AL_.jpg]
[www.mymoviecatalog.com/wp-content/uploads/2020/05/fb.jpg]
[www.mymoviecatalog.com/the-social-network-2010/index.html]
[www.mymoviecatalog.com/wp-content/plugins/header-footer-elementor/inc/images/shade.html]
[www.mymoviecatalog.com/wp-content/plugins/rate-my-post/public/css/fonts/ratemypost98c1.svg]
[www.mymoviecatalog.com/wp-content/plugins/elementor/assets/lib/eicons/fonts/eicons2cbf.svg]
[www.mymoviecatalog.com/wp-content/plugins/elementor/assets/lib/font-awesome/fonts/fontawesome-webfont3e6e.svg]
[www.mymoviecatalog.com/wp-content/plugins/elementskit-lite/widgets/init/assets/fonts/elementskit97ac.svg]
[www.mymoviecatalog.com/wp-content/plugins/elementskit-lite/widgets/init/assets/fonts/slick.svg]
[www.mymoviecatalog.com/wp-content/plugins/elementskit-lite/widgets/init/assets/css/asse_asc_disabled.html]
[www.mymoviecatalog.com/wp-content/plugins/elementskit-lite/widgets/init/assets/img/sort_desc_disablets/img/sort_desc_disabled.html]
[www.mymoviecatalog.com/wp-content/plugins/elementskit-lite/widgets/init/assets/images/countdown-timer/countdown-timer-img-1.html]
[www.mymoviecatalog.com/wp-content/plugins/elementskit-lite/widgets/init/assets/images/countdown-timer/countdown-timer-img-2.html]
[www.mymoviecatalog.com/wp-content/plugins/elementskit-lite/widgets/init/assets/images/countdown-timer/countdown-timer-img-3.html]
[www.mymoviecatalog.com/wp-content/plugins/elementskit-lite/widgets/init/assets/images/countdown-timer/countdown-timer-img-4.html]
[www.mymoviecatalog.com/wp-content/plugins/elementskit-lite/widgets/init/assets/images/countdown-timer/circle-img-1.html]
[www.mymoviecatalog.com/wp-content/plugins/elementskit-lite/widgets/init/assets/images/countdown-timer/circle-img-2.html]
[www.mymoviecatalog.com/wp-content/plugins/elementskit-lite/widgets/init/assets/images/countdown-timer/circle-img-3.html]
[www.mymoviecatalog.com/wp-content/plugins/elementskit-lite/widgets/init/assets/images/countdown-timer/circle-img-4.html]
[www.mymoviecatalog.com/wp-content/plugins/elementskit-lite/widgets/init/assets/img/cross-out.svg]
[www.mymoviecatalog.com/wp-content/plugins/elementskit-lite/widgets/init/assets/images/text-mask-image.html]
[www.mymoviecatalog.com/wp-content/plugins/elementskit-lite/widgets/init/assets/images/products/ribbon-background.html]
[www.mymoviecatalog.com/wp-content/plugins/elementskit-lite/modules/controls/assets/fonts/elementskit97ac.svg]
[www.mymoviecatalog.com/category/adventure/index.html]
[www.mymoviecatalog.com/category/mystery/index.html]
[www.mymoviecatalog.com/wp-content/uploads/2020/10/MV5BZjNkNzk0ZjEtM2M1ZC00MmMxLTlmOWEtNWRlZTc1ZTUyNzY4XkEyXkFqcGdeQXVyMTEyMjM2NDc2._V1_-1.jpg]
[www.mymoviecatalog.com/category/mystery/feed/index.html]
[www.mymoviecatalog.com/category/adventure/feed/index.html]
[www.mymoviecatalog.com/wp-json/oembed/1.0/embed8adf.json]
[www.mymoviecatalog.com/sonic-the-hedgehog-2020/feed/index.html]
[www.mymoviecatalog.com/wp-json/oembed/1.0/embedb2cc]
[m.media-amazon.com/images/M/MV5BMDk5Yzc4NzMtODUwOS00NTdhLTg2MjEtZTkzZjc0ZWE2MzAwXkEyXkFqcGdeQXVyMTA3MTA4Mzgw._V1_UX182_CR0,0,182,268_AL_.jpg]
[m.media-amazon.com/images/M/MV5BZjU3Nzg3YzYtZDI2MS00Y2U4LWE4M2UtYTJmZGI3ZTVhNGM4XkEyXkFqcGdeQXZ3ZXNsZXk@._V1_CR0,1,1246,701_AL_UX477_CR0,0,477,268_AL_.jpg]
[m.media-amazon.com/images/M/MV5BMzdlYWM0NjMtZTE5ZS00NjkxLTg4Y2YtOGY2OTYzNjNjZDEyXkEyXkFqcGdeQXVyNTUxMTQwOTg@._V1_UY99_CR14,0,99,99_AL_.jpg]
[m.media-amazon.com/images/M/MV5BYTg4MjY0ZDUtZTA2NC00MDAwLWFiNTMtMzEzZmRkYWU5NDE0XkEyXkFqcGdeQXVyNTUxMTQwOTg@._V1_UY99_CR74,0,99,99_AL_.jpg]
[m.media-amazon.com/images/M/MV5BMTg2NDgwMTgtMjAzYy00YWVmLTg4NTItN2Y2MTY4NWFkM2QwXkEyXkFqcGdeQXVyNzI1NzMxNzM@._V1_UY99_CR12,0,99,99_AL_.jpg]
[m.media-amazon.com/images/M/MV5BMTRiMTM0OGYtZjg1Yi00ZmZlLWI0YWQtNWJlMWU2OThiZmY5XkEyXkFqcGdeQXVyNTUxMTQwOTg@._V1_UY99_CR25,0,99,99_AL_.jpg]
[m.media-amazon.com/images/M/MV5BZTY3MTNmOGQtMzFlMS00NjI3LTg0NWItZjgzYWUxNDk3YTk2XkEyXkFqcGdeQXVyMTE0NDY0Mjk1._V1_UY99_UX99_AL_.jpg]
[m.media-amazon.com/images/M/MV5BNWI5NDIyMTctNWUxMi00YWY5LWJjZGYtMmE2NTRiYjQzYzczXkEyXkFqcGdeQXVyMDM2NDM2MQ@@._V1_UY99_CR24,0,99,99_AL_.jpg]
[m.media-amazon.com/images/M/MV5BMjA1MjAxMzk1NF5BMl5BanBnXkFtZTgwNjU1NjgyODE@._V1_UX32_CR0,0,32,44_AL_.jpg]
[m.media-amazon.com/images/M/MV5BMTQyOTUzNjc0MF5BMl5BanBnXkFtZTcwNTYyMDYzMw@@._V1_UX32_CR0,0,32,44_AL_.jpg]
[m.media-amazon.com/images/M/MV5BMTQwMjAwNzI0M15BMl5BanBnXkFtZTcwOTY1MTMyOQ@@._V1_UY44_CR2,0,32,44_AL_.jpg]
[m.media-amazon.com/images/M/MV5BOGZjOWM0OTUtOWQ5ZS00ZWE4LTkwMjYtODg3OWJmYmIyNjI0XkEyXkFqcGdeQXVyMTA3NzU0NDg@._V1_UY44_CR1,0,32,44_AL_.jpg]
[m.media-amazon.com/images/M/MV5BZjU3Nzg3YzYtZDI2MS00Y2U4LWE4M2UtYTJmZGI3ZTVhNGM4XkEyXkFqcGdeQXZ3ZXNsZXk@._V1_SP330,330,0,C,0,0,0_CR65,90,200,150_PIimdb-blackband-204-14,TopLeft,0,0_PIimdb-blackband-204-28,]
[m.media-amazon.com/images/M/MV5BMjAzMzkxNTcyMl5BMl5BanBnXkFtZTgwOTk1Mjg1MzI@._V1_UX32_CR0,0,32,44_AL_.jpg]
[m.media-amazon.com/images/M/MV5BMTU0NzU3NjY5OV5BMl5BanBnXkFtZTgwMzM3MTk2MTE@._V1_UX32_CR0,0,32,44_AL_.jpg]
[m.media-amazon.com/images/M/MV5BYmQzNDBiNzgtNGFjNC00YWIzLWJiYzAtNWIyMGMyZDdkZWZlXkEyXkFqcGdeQXVyMjQwNTc1MTU@._V1_UY44_CR0,0,32,44_AL_.jpg]
[m.media-amazon.com/images/M/MV5BMGIwZGZmMWItMDRmZi00ODg2LWI5MDMtYzZmZWVhMTQ2MzU2XkEyXkFqcGdeQWpnYW1i._V1_SP330,330,0,C,0,0,0_CR65,90,200,150_PIimdb-blackband-204-14,TopLeft,0,0_PIimdb-blackband-204-28,Bott]
[m.media-amazon.com/images/M/MV5BNmE1MDE2MWMtNDQ3ZS00MTcwLTkxNWMtNTc4NTc5NGY4MThhXkEyXkFqcGdeQXVyOTQ4NzcwOQ@@._V1_UY44_CR1,0,32,44_AL_.jpg]
[m.media-amazon.com/images/M/MV5BNDQ1NTU1NDUxN15BMl5BanBnXkFtZTcwNTYxMDk1NQ@@._V1_UX32_CR0,0,32,44_AL_.jpg]
[m.media-amazon.com/images/M/MV5BMjM3MDAzNTQ2M15BMl5BanBnXkFtZTgwOTE1NjczMjE@._V1_UY44_CR13,0,32,44_AL_.jpg]
[m.media-amazon.com/images/M/MV5BMjE4OTRjOTUtMmM1NC00ZTQxLWE2NzAtZmYwODIzYjRiZDRjXkEyXkFqcGdeQWFybm8@._V1_SP330,330,0,C,0,0,0_CR65,90,200,150_PIimdb-blackband-204-14,TopLeft,0,0_PIimdb-blackband-204-28,Bott]
[m.media-amazon.com/images/M/MV5BMDRlZWQ1M2MtMGE5OS00NDkzLWJjMmQtZTQwMWZhNzQ0YmI3XkEyXkFqcGdeQXVyODUzMTQ3NTY@._V1_UY44_CR1,0,32,44_AL_.jpg]
[m.media-amazon.com/images/M/MV5BNDFjNzIzMjAtMGM5NC00ZTJkLWIyNTctMTZmNzc3NzNiMDg4XkEyXkFqcGdeQXVyMTkzMzkyNTM@._V1_UX32_CR0,0,32,44_AL_.jpg]
[m.media-amazon.com/images/M/MV5BOTFlMzMyMGYtZTgxNS00MWFiLWFjZmItNGIzZTdkZTM4ODA3XkEyXkFqcGdeQXVyMTExMTc3NzU5._V1_UX32_CR0,0,32,44_AL_.jpg]
[m.media-amazon.com/images/M/MV5BODdiYzdiMjAtNDNhOC00ODYwLTk1NTktOTc5YzMwYWM1ZGNlXkEyXkFqcGdeQXVyNzkxMTE2MQ@@._V1_UY44_CR1,0,32,44_AL_.jpg]
[m.media-amazon.com/images/M/MV5BNDIyMzg3NDYwNF5BMl5BanBnXkFtZTYwNTkwNDA3._V1_UX32_CR0,0,32,44_AL_.jpg]
[www.mymoviecatalog.com/wp-content/uploads/2020/05/index.jpg]
[www.mymoviecatalog.com/sonic-the-hedgehog-2020/index.html]
[www.mymoviecatalog.com/wp-content/uploads/2020/05/sonic.jpg]
[www.mymoviecatalog.com/wp-json/oembed/1.0/embed9c9d.json]
[www.mymoviecatalog.com/men-in-black-international-2019/feed/index.html]
[www.mymoviecatalog.com/wp-json/oembed/1.0/embedbd1b]
[m.media-amazon.com/images/M/MV5BMDZkODI2ZGItYTY5Yi00MTA4LWExY2ItM2ZmNjczYjM0NDg1XkEyXkFqcGdeQXVyMzY0MTE3NzU@._V1_UX182_CR0,0,182,268_AL_.jpg]
[m.media-amazon.com/images/M/MV5BZTdkZjU4ZDAtNDUyNi00YTZjLWJjODQtY2I3NGRmMzJjNjlmXkEyXkFqcGdeQW1yb3NzZXI@._V1_UX477_CR0,0,477,268_AL_.jpg]
[m.media-amazon.com/images/M/MV5BMmNiNGViYTAtOWNiOS00NjMzLWJmMTgtOTIwNWEyMDVhMWVjXkEyXkFqcGdeQXVyNjQ4ODE4MzQ@._V1_UY99_CR25,0,99,99_AL_.jpg]
[m.media-amazon.com/images/M/MV5BMTEzOWVlZDAtOTJiNS00ZTg0LWE5ZmItYjNmZTU2NWYxY2JmXkEyXkFqcGdeQXVyNjg2NjQwMDQ@._V1_UY99_CR25,0,99,99_AL_.jpg]
[m.media-amazon.com/images/M/MV5BYzMxY2NlMjgtZTA5My00YTM4LThjMTMtZGIwN2ViZjRlY2RjXkEyXkFqcGdeQXVyNjg2NjQwMDQ@._V1_UY99_CR25,0,99,99_AL_.jpg]
[m.media-amazon.com/images/M/MV5BOGM1MTBlZjEtMTA4OC00NzYzLTg2ZmYtODYwZDQ2MzU5NjI3XkEyXkFqcGdeQXVyNjg2NjQwMDQ@._V1_UY99_CR25,0,99,99_AL_.jpg]
[m.media-amazon.com/images/M/MV5BMmEwYWViNTItZDc3Yi00YjAwLWJhYWUtODQ5OTViM2FiYTY5XkEyXkFqcGdeQXVyNjQ4ODE4MzQ@._V1_UX99_CR0,0,99,99_AL_.jpg]
[m.media-amazon.com/images/M/MV5BYjcyMzE5ZmItN2M5OC00ZGE3LTgxZjUtMWExMjEwYzg3NzY1XkEyXkFqcGdeQXVyNzI1NzMxNzM@._V1_UY99_CR1,0,99,99_AL_.jpg]
[m.media-amazon.com/images/M/MV5BOTU2MTI0NTIyNV5BMl5BanBnXkFtZTcwMTA4Nzc3OA@@._V1_UX32_CR0,0,32,44_AL_.jpg]
[m.media-amazon.com/images/M/MV5BZTdkZjU4ZDAtNDUyNi00YTZjLWJjODQtY2I3NGRmMzJjNjlmXkEyXkFqcGdeQW1yb3NzZXI@._V1_SP330,330,0,C,0,0,0_CR65,90,200,150_PIimdb-blackband-204-14,TopLeft,0,0_PIimdb-blackband-204-28,]
[m.media-amazon.com/images/M/MV5BNjk4MDU3NDg4NF5BMl5BanBnXkFtZTcwMjMxMjcwNA@@._V1_UX32_CR0,0,32,44_AL_.jpg]
[m.media-amazon.com/images/M/MV5BMzRjZDdiYjMtZTMwYS00MGIyLTk1N2ItMzI4MTk4OGFlMGE2XkEyXkFqcGdeQXRyYW5zY29kZS13b3JrZmxvdw@@._V1_SP330,330,0,C,0,0,0_CR65,90,200,150_PIimdb-blackband-204-14,TopLeft,0,0_PIimdb-b]
[m.media-amazon.com/images/M/MV5BMTU3Mjk3NTMxMF5BMl5BanBnXkFtZTcwODA1MTU0NQ@@._V1_UY44_CR0,0,32,44_AL_.jpg]
[m.media-amazon.com/images/M/MV5BNzA4NDA1MTA5NV5BMl5BanBnXkFtZTcwNjMyNTQ3OA@@._V1_UX32_CR0,0,32,44_AL_.jpg]
[m.media-amazon.com/images/M/MV5BNWI0ZTdhYWYtMGYxOS00NGFhLWEwMWYtZjE2ZTQzMzFlZTBhXkEyXkFqcGdeQW1yb3NzZXI@._V1_SP330,330,0,C,0,0,0_CR65,90,200,150_PIimdb-blackband-204-14,TopLeft,0,0_PIimdb-blackband-204-28,]
[m.media-amazon.com/images/M/MV5BNzU3OTIzMzM1OF5BMl5BanBnXkFtZTcwMDc1MDkwOQ@@._V1_UX32_CR0,0,32,44_AL_.jpg]
[m.media-amazon.com/images/M/MV5BMTMwNTAyOTg0MF5BMl5BanBnXkFtZTcwNTg0MzY1Mw@@._V1_UY44_CR0,0,32,44_AL_.jpg]
[m.media-amazon.com/images/M/MV5BMjA1MTQ3NzU1MV5BMl5BanBnXkFtZTgwMDE3Mjg0MzE@._V1_UY44_CR6,0,32,44_AL_.jpg]
[m.media-amazon.com/images/M/MV5BMGNkYmUzOWEtZjk2My00YTViLWFkNzUtODgwMTI5NmZiZWViXkEyXkFqcGdeQXVyOTE0NjgwMjY@._V1_UY44_CR6,0,32,44_AL_.jpg]
[m.media-amazon.com/images/M/MV5BNTJkYjRiYmMtODZhMS00ZjYyLWIxMWEtMTMyMGU3MGVkYjBlXkEyXkFqcGdeQXVyOTE0NjgwMjY@._V1_UY44_CR0,0,32,44_AL_.jpg]
[m.media-amazon.com/images/M/MV5BMTQ0NzY1NDAxNF5BMl5BanBnXkFtZTcwNTY1NTEzMQ@@._V1_UY44_CR4,0,32,44_AL_.jpg]
[m.media-amazon.com/images/M/MV5BMTk0MzU1NTAwOV5BMl5BanBnXkFtZTcwMDcyNjAzMQ@@._V1_UY44_CR7,0,32,44_AL_.jpg]
[m.media-amazon.com/images/M/MV5BNjg4MzMxNDYwMF5BMl5BanBnXkFtZTcwOTk2MzEzMQ@@._V1_UX32_CR0,0,32,44_AL_.jpg]
[m.media-amazon.com/images/M/MV5BNTA2MzA2Mzg1MV5BMl5BanBnXkFtZTgwODU4MTY2NDE@._V1_UX32_CR0,0,32,44_AL_.jpg]
[m.media-amazon.com/images/M/MV5BMzZmMTUzYzItOTdmOC00YWYwLWIwYzUtM2IwYTQ2YzEzMzMzXkEyXkFqcGdeQXVyMjE4NTMxOTY@._V1_UX32_CR0,0,32,44_AL_.jpg]
[www.mymoviecatalog.com/men-in-black-international-2019/index.html]
[www.mymoviecatalog.com/wp-json/oembed/1.0/embed76f1.json]
[www.mymoviecatalog.com/underwater2020/feed/index.html]
[www.mymoviecatalog.com/wp-json/oembed/1.0/embedaaf8]
[m.media-amazon.com/images/M/MV5BNzM0OGZiZWItYmZiNC00NDgzLTg1MjMtYjM4MWZhOGZhMDUwXkEyXkFqcGdeQXVyMTkxNjUyNQ@@._V1_UX182_CR0,0,182,268_AL_.jpg]
[m.media-amazon.com/images/M/MV5BZDAwYmZkNzctZGU4Yy00ODQwLTkxNzgtNjc4OGM0OTI4M2ExXkEyXkFqcGdeQXRyYW5zY29kZS13b3JrZmxvdw@@._V1_UX477_CR0,0,477,268_AL_.jpg]
[m.media-amazon.com/images/M/MV5BMzMzNDI2YjgtMTkxMC00NzM3LTgxMDctMDljMjE3MmUzZWU1XkEyXkFqcGdeQXVyMTE0NTczNDAz._V1_UY99_CR69,0,99,99_AL_.jpg]
[m.media-amazon.com/images/M/MV5BN2U4ZjRmMzMtMjk2ZC00ZjgwLWE3ZWYtYTlkZWRkMWM1ZWYwXkEyXkFqcGdeQXVyMTE0NTczNDAz._V1_UY99_CR69,0,99,99_AL_.jpg]
[m.media-amazon.com/images/M/MV5BMDlhYTU4ZTctYjczNy00OWQ0LWFiNjAtODA0ZmFjNjZjOGZjXkEyXkFqcGdeQXVyODc4MzQyMTI@._V1_UY99_CR25,0,99,99_AL_.jpg]
[m.media-amazon.com/images/M/MV5BMzc1OTczOWQtNGUxZi00NjE3LWIzM2UtNTlkZGY2NTZkMThkXkEyXkFqcGdeQXVyOTE1MTQ5MTU@._V1_UX99_CR0,0,99,99_AL_.jpg]
[m.media-amazon.com/images/M/MV5BZmQ1OTI2NWItYTBiNS00OWE2LWJjZTktOWIwYjA5OGRjZDYwXkEyXkFqcGdeQXVyMTE0NTczNDAz._V1_UY99_CR69,0,99,99_AL_.jpg]
[m.media-amazon.com/images/M/MV5BNjliNGE0YTMtMDY5YS00NmJjLWJhYTQtYmI2YzQ1OWMyZTg4XkEyXkFqcGdeQXVyMTE0NTczNDAz._V1_UY99_CR69,0,99,99_AL_.jpg]
[m.media-amazon.com/images/M/MV5BMTQxMjUyOTY0Ml5BMl5BanBnXkFtZTcwNjI2MjA2Mw@@._V1_UX32_CR0,0,32,44_AL_.jpg]
[m.media-amazon.com/images/M/MV5BMTc1NDUzMzM5MV5BMl5BanBnXkFtZTcwNzY1OTYyOQ@@._V1_UX32_CR0,0,32,44_AL_.jpg]
[m.media-amazon.com/images/M/MV5BMjIwMzI0NTEwMF5BMl5BanBnXkFtZTcwMjk4MDkxNA@@._V1_UX32_CR0,0,32,44_AL_.jpg]
[m.media-amazon.com/images/M/MV5BYTk2NmFjNzQtYTNiNy00ODk5LWE4NGUtZTFjNjI4N2JjZDMxXkEyXkFqcGdeQXVyMTAwODk1MDk@._V1_UY44_CR1,0,32,44_AL_.jpg]
[m.media-amazon.com/images/M/MV5BZDAwYmZkNzctZGU4Yy00ODQwLTkxNzgtNjc4OGM0OTI4M2ExXkEyXkFqcGdeQXRyYW5zY29kZS13b3JrZmxvdw@@._V1_SP330,330,0,C,0,0,0_CR65,90,200,150_PIimdb-blackband-204-14,TopLeft,0,0_PIimdb-b]
[m.media-amazon.com/images/M/MV5BZDY3NTcwY2UtZDc0Ni00NGI1LWE3YTUtYTI3NjdiNDQwY2JmXkEyXkFqcGdeQXVyNjk1MjYyNTA@._V1_UY44_CR1,0,32,44_AL_.jpg]
[m.media-amazon.com/images/M/MV5BMjA1MzE2NTQ4OV5BMl5BanBnXkFtZTgwNDI5MzQ1NzM@._V1_UY44_CR0,0,32,44_AL_.jpg]
[m.media-amazon.com/images/M/MV5BY2VhYWEyZTQtYjUxNy00NzVjLWIxOTAtYjA0Y2E4OWZiN2U5XkEyXkFqcGdeQXVyMzk2NTk2NTk@._V1_UX32_CR0,0,32,44_AL_.jpg]
[m.media-amazon.com/images/M/MV5BNjdmYjJjMmUtNTZiNi00MWY2LTkyOGUtZWIyZTU3NGE0NTAyXkEyXkFqcGdeQXVyMTIzMzM3MzA@._V1_UX32_CR0,0,32,44_AL_.jpg]
[m.media-amazon.com/images/M/MV5BYjI4ZmExMWQtMTU3Zi00ZTVjLWIxNzEtOWU4MTk3ZmYwODg1XkEyXkFqcGdeQXVyMjc1NzMyNA@@._V1_UY44_CR6,0,32,44_AL_.jpg]
[m.media-amazon.com/images/M/MV5BN2E1Y2E2NDgtMzdjMi00NWNkLWIzYWMtMmE3ZTQ5NzFhNmMyXkEyXkFqcGdeQXRyYW5zY29kZS13b3JrZmxvdw@@._V1_SP330,330,0,C,0,0,0_CR65,90,200,150_PIimdb-blackband-204-14,TopLeft,0,0_PIimdb-b]
[m.media-amazon.com/images/M/MV5BNmI3NmFmNjAtMzg3ZS00YmM4LWEzNmItM2UzNGNhOWQ0MWE3XkEyXkFqcGdeQXRyYW5zY29kZS13b3JrZmxvdw@@._V1_SP330,330,0,C,0,0,0_CR65,90,200,150_PIimdb-blackband-204-14,TopLeft,0,0_PIimdb-b]
[www.mymoviecatalog.com/wp-content/uploads/2020/04/underwater1.jpg]
[www.mymoviecatalog.com/underwater2020/index.html]
[www.mymoviecatalog.com/wp-json/oembed/1.0/embedeabe.json]
[www.mymoviecatalog.com/joker/feed/index.html]
[www.mymoviecatalog.com/wp-json/oembed/1.0/embed1e7f]
[m.media-amazon.com/images/M/MV5BNGVjNWI4ZGUtNzE0MS00YTJmLWE0ZDctN2ZiYTk2YmI3NTYyXkEyXkFqcGdeQXVyMTkxNjUyNQ@@._V1_UX182_CR0,0,182,268_AL_.jpg]
[m.media-amazon.com/images/M/MV5BOTU0ZGVmY2MtMTM1OS00YmNlLWE1NGUtMGYyMjI1MjY1NWUzXkEyXkFqcGdeQWFybm8@._V1_CR0,4,1404,790_AL_UX477_CR0,0,477,268_AL_.jpg]
[m.media-amazon.com/images/M/MV5BYzc0ODlkNjMtOWRkOC00N2QxLWEwYWUtOGMwODNiMTBlNjQ0XkEyXkFqcGdeQXVyMjk3NTUyOTc@._V1_UY99_CR6,0,99,99_AL_.jpg]
[m.media-amazon.com/images/M/MV5BNzU5MTFkOTktMDc3ZS00MmViLTk3MDYtNTk0NzUwYzQ5YTIyXkEyXkFqcGdeQXVyNDIyNjA2MTk@._V1_UY99_CR25,0,99,99_AL_.jpg]
[m.media-amazon.com/images/M/MV5BMWQxODk5ZmYtMzdhZS00NDM4LWI0ZDQtYTQ1ZDUzYzE0OTljXkEyXkFqcGdeQXVyMDM2NDM2MQ@@._V1_UY99_CR25,0,99,99_AL_.jpg]
[m.media-amazon.com/images/M/MV5BY2Q5ZjlkZjktOGNmOS00ZjZmLWFjNjYtMGFlNGYzMGQ2MmFlXkEyXkFqcGdeQXVyMjk3NTUyOTc@._V1_UY99_CR3,0,99,99_AL_.jpg]
[m.media-amazon.com/images/M/MV5BOGQ0NDYwMTEtMWQwYy00NGY4LTk2NTYtMDgyZjIwMmJhY2ZlXkEyXkFqcGdeQXVyMDM2NDM2MQ@@._V1_UX99_CR0,0,99,99_AL_.jpg]
[m.media-amazon.com/images/M/MV5BNjc0MzI5OTQtOTE3OC00OWMxLWI4ZTktODdlNGRjODlhZmQwXkEyXkFqcGdeQXVyNjczOTE0MzM@._V1_UY99_CR42,0,99,99_AL_.jpg]
[m.media-amazon.com/images/M/MV5BZGMyY2Q4NTEtMWVkZS00NzcwLTkzNmQtYzBlMWZhZGNhMDhkXkEyXkFqcGdeQXVyNjk1MjYyNTA@._V1_UX32_CR0,0,32,44_AL_.jpg]
[m.media-amazon.com/images/M/MV5BMjAwNDU3MzcyOV5BMl5BanBnXkFtZTcwMjc0MTIxMw@@._V1_UY44_CR0,0,32,44_AL_.jpg]
[m.media-amazon.com/images/M/MV5BNjEwNzEwYjQtYWUwNy00YWZlLWE5ZmQtMDBiMjc5ZjdiMjc1XkEyXkFqcGdeQXVyNjEyNzc2MTI@._V1_UX32_CR0,0,32,44_AL_.jpg]
[m.media-amazon.com/images/M/MV5BMTM4OTIzMTg5MF5BMl5BanBnXkFtZTYwNjA5OTIz._V1_UX32_CR0,0,32,44_AL_.jpg]
[m.media-amazon.com/images/M/MV5BMTI0NzI0MzU1M15BMl5BanBnXkFtZTcwMjM0Mjg3MQ@@._V1_UY44_CR1,0,32,44_AL_.jpg]
[m.media-amazon.com/images/M/MV5BOTU0ZGVmY2MtMTM1OS00YmNlLWE1NGUtMGYyMjI1MjY1NWUzXkEyXkFqcGdeQWFybm8@._V1_SP330,330,0,C,0,0,0_CR65,90,200,150_PIimdb-blackband-204-14,TopLeft,0,0_PIimdb-blackband-204-28,Bott]
[m.media-amazon.com/images/M/MV5BNTQzMDUwNjg1NF5BMl5BanBnXkFtZTgwMzE0NjcxNDE@._V1_UY44_CR6,0,32,44_AL_.jpg]
[m.media-amazon.com/images/M/MV5BMTU0MTI1NTMxN15BMl5BanBnXkFtZTgwNTkxMjI2NDM@._V1_UY44_CR2,0,32,44_AL_.jpg]
[m.media-amazon.com/images/M/MV5BZTEwNDdhZDYtNDAyZS00YjRjLTg4ZDUtZDQxNDY2MDdmNDdhXkEyXkFqcGdeQXVyMjcyMzQ0NDE@._V1_UY44_CR0,0,32,44_AL_.jpg]
[m.media-amazon.com/images/M/MV5BMGQ1ZGZmNTAtM2MyYi00NmZhLTkwYmYtNTNlZDRhMzU2ZTgwXkEyXkFqcGdeQW1yb3NzZXI@._V1_SP330,330,0,C,0,0,0_CR65,90,200,150_PIimdb-blackband-204-14,TopLeft,0,0_PIimdb-blackband-204-28,]
[m.media-amazon.com/images/M/MV5BZDAwOTU1NDAtYTcyZS00MDExLWIyZGEtNzlhZDE4OGEyMjlmXkEyXkFqcGdeQXVyNjI4MTU2MzA@._V1_UX32_CR0,0,32,44_AL_.jpg]
[m.media-amazon.com/images/M/MV5BMjY3MjNhZWEtZTIxMi00NmY4LTg4MWMtNjllODg5OGFlOTEzXkEyXkFqcGdeQXVyMzkyNTcxMg@@._V1_UX32_CR0,0,32,44_AL_.jpg]
[m.media-amazon.com/images/M/MV5BMTUwMjkxMTI5Ml5BMl5BanBnXkFtZTcwNTU0NDAwNA@@._V1_UX32_CR0,0,32,44_AL_.jpg]
[m.media-amazon.com/images/M/MV5BMjgxMjY3YjAtZDA5ZC00MjMyLWExOGItMjA4NzA4YTgyZGIwXkEyXkFqcGdeQWFsZWxvZw@@._V1_SP330,330,0,C,0,0,0_CR65,90,200,150_PIimdb-blackband-204-14,TopLeft,0,0_PIimdb-blackband-204-28,]
[m.media-amazon.com/images/M/MV5BMTQ3NzYxMjc1M15BMl5BanBnXkFtZTgwMzI1NTQ0ODE@._V1_UY44_CR17,0,32,44_AL_.jpg]
[m.media-amazon.com/images/M/MV5BYjhiMjI4NDktYTkyYS00MWY2LTg5ZTMtOWY0ODM1NTM5MDdhXkEyXkFqcGdeQXVyNDM0MjEzMjk@._V1_UY44_CR4,0,32,44_AL_.jpg]
[m.media-amazon.com/images/M/MV5BMTQyMzY3MzU3MV5BMl5BanBnXkFtZTgwMDYwOTYxMzE@._V1_UX32_CR0,0,32,44_AL_.jpg]
[www.mymoviecatalog.com/joker/index.html]
[www.mymoviecatalog.com/wp-json/oembed/1.0/embed3a83.json]
[www.mymoviecatalog.com/steve-jobs-2015/feed/index.html]
[www.mymoviecatalog.com/wp-json/oembed/1.0/embeddb79]
[m.media-amazon.com/images/M/MV5BMjE0NTA2MTEwOV5BMl5BanBnXkFtZTgwNzg4NzU2NjE@._V1_UX182_CR0,0,182,268_AL_.jpg]
[m.media-amazon.com/images/M/MV5BMjEyODU3MTA0NF5BMl5BanBnXkFtZTgwMDc4NjE4NjE@._V1_UX477_CR0,0,477,268_AL_.jpg]
[m.media-amazon.com/images/M/MV5BMWRiNmRhMGUtMGI2Ni00ZDgxLWJhYzYtNzMxODJiNWViNDI1XkEyXkFqcGdeQXVyMzQwNDU5NzI@._V1_UY99_CR38,0,99,99_AL_.jpg]
[m.media-amazon.com/images/M/MV5BYzg0YzkzMmUtZWYzNy00ZmM0LWE0YzItMWI1NTM4OTc0ZTA2XkEyXkFqcGdeQXVyMzQwNDU5NzI@._V1_UY99_CR38,0,99,99_AL_.jpg]
[m.media-amazon.com/images/M/MV5BMTU5NTE5NzAxN15BMl5BanBnXkFtZTgwODcxMjY2NjE@._V1_UY99_CR24,0,99,99_AL_.jpg]
[m.media-amazon.com/images/M/MV5BMjI0NTAzNzIzN15BMl5BanBnXkFtZTgwMTk1NTE4NjE@._V1_UX99_CR0,0,99,99_AL_.jpg]
[m.media-amazon.com/images/M/MV5BMTg0NjMyNzg4NF5BMl5BanBnXkFtZTgwNzQ5Njc5NjE@._V1_UX99_CR0,0,99,99_AL_.jpg]
[m.media-amazon.com/images/M/MV5BMjE2NzYwNjYwMF5BMl5BanBnXkFtZTgwODkxMzI5NjE@._V1_UY99_CR25,0,99,99_AL_.jpg]
[m.media-amazon.com/images/M/MV5BMTk0NjM2MTE5M15BMl5BanBnXkFtZTcwODIxMzcyNw@@._V1_UX32_CR0,0,32,44_AL_.jpg]
[m.media-amazon.com/images/M/MV5BODgzMzM2NTE0Ml5BMl5BanBnXkFtZTcwMTcyMTkyOQ@@._V1_UX32_CR0,0,32,44_AL_.jpg]
[m.media-amazon.com/images/M/MV5BMTQ0NjgzNzcwNV5BMl5BanBnXkFtZTcwODExMDYxOQ@@._V1_UX32_CR0,0,32,44_AL_.jpg]
[m.media-amazon.com/images/M/MV5BODA3MDI4NDcxNV5BMl5BanBnXkFtZTYwOTgyMzY1._V1_UX32_CR0,0,32,44_AL_.jpg]
[m.media-amazon.com/images/M/MV5BMjEyODU3MTA0NF5BMl5BanBnXkFtZTgwMDc4NjE4NjE@._V1_SP330,330,0,C,0,0,0_CR65,90,200,150_PIimdb-blackband-204-14,TopLeft,0,0_PIimdb-blackband-204-28,BottomLeft,0,1_CR0,0,200,150]
[m.media-amazon.com/images/M/MV5BNjdjNTlhZjUtODA0MC00Mjc3LWExNmMtZDc5ZmI0ZmNlZWZmXkEyXkFqcGdeQXVyMjQwMDg0Ng@@._V1_UX32_CR0,0,32,44_AL_.jpg]
[m.media-amazon.com/images/M/MV5BMjM0OTE2NDYwN15BMl5BanBnXkFtZTgwMTUyMjQxNjE@._V1_SP330,330,0,C,0,0,0_CR65,90,200,150_PIimdb-blackband-204-14,TopLeft,0,0_PIimdb-blackband-204-28,BottomLeft,0,1_CR0,0,200,150]
[m.media-amazon.com/images/M/MV5BMTczMTI1MjQzN15BMl5BanBnXkFtZTgwNjY2ODY2NDE@._V1_UY44_CR26,0,32,44_AL_.jpg]
[m.media-amazon.com/images/M/MV5BMTgyMDI0NzMtNzAzNC00NzQ3LTgyYmMtN2MwYmZhMDdjYmMxXkEyXkFqcGdeQXVyMjQwMDg0Ng@@._V1_UY44_CR22,0,32,44_AL_.jpg]
[m.media-amazon.com/images/M/MV5BMjM3Mzk2OTM1N15BMl5BanBnXkFtZTgwNzMzOTI3NTE@._V1_SP330,330,0,C,0,0,0_CR65,90,200,150_PIimdb-blackband-204-14,TopLeft,0,0_PIimdb-blackband-204-28,BottomLeft,0,1_CR0,0,200,150]
[m.media-amazon.com/images/M/MV5BYTMzMzIwZjItZjBiMS00NDFjLWI2NjYtMDYzYmZlNGNmZjk5XkEyXkFqcGdeQXVyMjg0MTQzMzg@._V1_UY44_CR1,0,32,44_AL_.jpg]
[m.media-amazon.com/images/M/MV5BZTMwZWFlZGQtNTRmNC00YTFiLTg0YzEtMjgwYzVmM2FmZjdkXkEyXkFqcGdeQXVyNTM0NDEyOTE@._V1_UY44_CR17,0,32,44_AL_.jpg]
[m.media-amazon.com/images/M/MV5BNDQxYjA0ZWYtNjU3Yi00NTRlLWJhOTUtZTFhYjM2OTVjYmFlXkEyXkFqcGdeQXVyMjQwMDg0Ng@@._V1_UX32_CR0,0,32,44_AL_.jpg]
[m.media-amazon.com/images/M/MV5BMTU2OTY2NDQzOF5BMl5BanBnXkFtZTcwNDcyMzIzNw@@._V1_UY44_CR2,0,32,44_AL_.jpg]
[m.media-amazon.com/images/M/MV5BMjMxMTUzMjY4Ml5BMl5BanBnXkFtZTgwMjAzMjk3NjE@._V1_UX32_CR0,0,32,44_AL_.jpg]
[m.media-amazon.com/images/M/MV5BMTk0NWMxNjktMzJhYi00YzJiLTkyYTktZTlhNmZkYzZjYWI2XkEyXkFqcGdeQXVyMjQwMDg0Ng@@._V1_UX32_CR0,0,32,44_AL_.jpg]
[m.media-amazon.com/images/M/MV5BYjZhOWE5N2ItNDg3Yi00ZDZjLWFlZTgtNjRiZDlhNjU3OTAwL2ltYWdlXkEyXkFqcGdeQXVyMjEyOTk3OTI@._V1_UX32_CR0,0,32,44_AL_.jpg]
[m.media-amazon.com/images/M/MV5BNzMxNTUwMTg4OV5BMl5BanBnXkFtZTgwMjk0ODM0MTE@._V1_UX32_CR0,0,32,44_AL_.jpg]
[www.mymoviecatalog.com/steve-jobs-2015/index.html]
[www.mymoviecatalog.com/once-upon-a-time-in-hollywood/index.html]
[www.mymoviecatalog.com/wp-json/oembed/1.0/embedb489.json]
[www.mymoviecatalog.com/6-underground/feed/index.html]
[www.mymoviecatalog.com/wp-json/oembed/1.0/embedc3ca]
[www.mymoviecatalog.com/wp-content/uploads/2020/03/6-underground-fo-1920x1080-1-1024x576.jpg]
[www.mymoviecatalog.com/wp-content/uploads/2020/03/MV5BOTI3ODk1MTMyNV5BMl5BanBnXkFtZTcwNDEyNTE2Mg@@._V1_UY317_CR60214317_AL_-150x150.jpg]
[www.mymoviecatalog.com/wp-content/uploads/2020/03/Melanie-Laurent-1573910943419-150x150.jpg]
[www.mymoviecatalog.com/wp-content/uploads/2020/03/corey-hawkins-810980_828x1104-150x150.png]
[www.mymoviecatalog.com/wp-content/uploads/2020/03/vbPRi0UvK061W9a69Hq1iGMY5aV-150x150.jpg]
[www.mymoviecatalog.com/wp-content/uploads/2020/03/c2316a9a9fa3e3bebc8a26d5338c52bd-150x150.jpg]
[www.mymoviecatalog.com/wp-content/uploads/2020/03/MV5BMTQzMTI2NDQ5NV5BMl5BanBnXkFtZTgwMjM3Mjc1MjE@._V1_-150x150.jpg]
[www.mymoviecatalog.com/wp-content/uploads/2020/03/images-2-e1563577153199-150x150.jpg]
[www.mymoviecatalog.com/wp-content/uploads/2020/03/12-11-18-davefranco-150x150.jpg]
[www.mymoviecatalog.com/wp-content/uploads/2020/03/Lior-Raz-Headshot-Racing-Right-150x150.jpg]
[www.mymoviecatalog.com/6-underground/index.html]
[www.mymoviecatalog.com/wp-content/uploads/2020/03/tim-gouw-212348.jpg]
[www.mymoviecatalog.com/wp-content/uploads/2020/03/wp5099327.png]
[www.mymoviecatalog.com/wp-content/uploads/2020/03/vication4.jpg]
[www.mymoviecatalog.com/wp-content/uploads/elementor/css/post-92c1e3.css]
[www.mymoviecatalog.com/wp-content/plugins/elementor/assets/lib/font-awesome/css/fontawesome.minb683.css]
[www.mymoviecatalog.com/wp-content/plugins/elementor/assets/lib/font-awesome/webfonts/fa-solid-900.eot]
[www.mymoviecatalog.com/wp-content/plugins/elementor/assets/lib/font-awesome/webfonts/fa-solid-900.woff2]
[www.mymoviecatalog.com/wp-content/plugins/elementor/assets/lib/font-awesome/webfonts/fa-solid-900d41d.eot]
[www.mymoviecatalog.com/wp-content/plugins/elementor/assets/lib/font-awesome/webfonts/fa-solid-900.woff]
[www.mymoviecatalog.com/wp-content/plugins/elementor/assets/lib/font-awesome/webfonts/fa-solid-900.ttf]
[www.mymoviecatalog.com/wp-content/plugins/elementor/assets/lib/font-awesome/css/solid.minb683.css]
[www.mymoviecatalog.com/index8e15.html]
[www.mymoviecatalog.com/wp-content/plugins/fluentform/public/fonts/fluentformd06e.eot]
[www.mymoviecatalog.com/wp-content/plugins/fluentform/public/fonts/fluentform02be.woff]
[www.mymoviecatalog.com/wp-content/plugins/fluentform/public/fonts/fluentform30a5.ttf]
[www.mymoviecatalog.com/wp-content/plugins/fluentform/public/images/loadingc407.gif]
[www.mymoviecatalog.com/wp-content/plugins/fluentform/public/css/fluent-forms-publice1e3.css]
[www.mymoviecatalog.com/wp-content/plugins/fluentform/public/css/fluentform-public-defaulte1e3.css]
[www.mymoviecatalog.com/indexba86.html]
[www.mymoviecatalog.com/indexd4a6.html]
[www.mymoviecatalog.com/index5ff4.html]
[www.mymoviecatalog.com/index4126.html]
[www.mymoviecatalog.com/wp-content/uploads/elementor/css/post-673d8dd.css]
[www.mymoviecatalog.com/wp-content/plugins/elementor/assets/lib/font-awesome/webfonts/fa-regular-400.eot]
[www.mymoviecatalog.com/wp-content/plugins/elementor/assets/lib/font-awesome/webfonts/fa-regular-400d41d.eot]
[www.mymoviecatalog.com/wp-content/plugins/elementor/assets/lib/font-awesome/webfonts/fa-regular-400.woff2]
[www.mymoviecatalog.com/wp-content/plugins/elementor/assets/lib/font-awesome/webfonts/fa-regular-400.woff]
[www.mymoviecatalog.com/wp-content/plugins/elementor/assets/lib/font-awesome/webfonts/fa-regular-400.ttf]
[www.mymoviecatalog.com/wp-content/plugins/elementor/assets/lib/font-awesome/css/regular.minb683.css]
[www.mymoviecatalog.com/index8631.html]
[www.mymoviecatalog.com/xmlrpc.php]
[www.mymoviecatalog.com/index47dc.html]
[www.mymoviecatalog.com/indexc9fb.html]
[m.media-amazon.com/images/M/MV5BNWQyYjJhYTAtYzQwNC00YjAzLWJmODgtODE1NzY3YWE3M2JiXkEyXkFqcGdeQXVyNjA5NDgxNTg@._V1_UY99_CR29,0,99,99_AL_.jpg]
[www.mymoviecatalog.com/index08c1.html]
[m.media-amazon.com/images/M/MV5BYjI0MjU0YjgtNzRkZC00ZGNlLWEyMzMtOGM2MDEzZDFlYmRjXkEyXkFqcGdeQXVyNjA1OTA1Njk@._V1_UY44_CR1,0,32,44_AL_.jpg]
[m.media-amazon.com/images/M/MV5BNWQzYzcxYmUtMzQxZC00ZmQ3LTgxZTYtNDlmZjNhZDA2N2Y1XkEyXkFqcGdeQXVyMjQwMDg0Ng@@._V1_UX32_CR0,0,32,44_AL_.jpg]
[m.media-amazon.com/images/M/MV5BNTAzMDhiMDctZGY1MC00OTBhLWIxYTMtZWZlMGM3OGI1ZjMyXkEyXkFqcGdeQXVyMzgyODc0MTQ@._V1_UX32_CR0,0,32,44_AL_.jpg]
[www.mymoviecatalog.com/indexca7f.html]
[m.media-amazon.com/images/M/MV5BOGQ4ZWUyMWQtZGQyOS00OTEyLWEzNjUtYjE0YmRlYTYzY2JlXkEyXkFqcGdeQXVyOTA1NDQxODg@._V1_UX32_CR0,0,32,44_AL_.jpg]
[www.mymoviecatalog.com/index81db.html]
[www.mymoviecatalog.com/indexc74d.html]
[m.media-amazon.com/images/M/MV5BNTA2MzA2Mzg1MV5BMl5BanBnXkFtZTgwODU4MTY2NDE@._V1_UX32_CR0,0,32,44_AL_.jpg]
[www.mymoviecatalog.com/index4e57.html]
[www.mymoviecatalog.com/index1dc8.html]
[m.media-amazon.com/images/M/MV5BYjhiMjI4NDktYTkyYS00MWY2LTg5ZTMtOWY0ODM1NTM5MDdhXkEyXkFqcGdeQXVyNDM0MjEzMjk@._V1_UY44_CR4,0,32,44_AL_.jpg]
[www.mymoviecatalog.com/index7dad.html]
[m.media-amazon.com/images/M/MV5BMTczMTI1MjQzN15BMl5BanBnXkFtZTgwNjY2ODY2NDE@._V1_UY44_CR26,0,32,44_AL_.jpg]
[m.media-amazon.com/images/M/MV5BZTMwZWFlZGQtNTRmNC00YTFiLTg0YzEtMjgwYzVmM2FmZjdkXkEyXkFqcGdeQXVyNTM0NDEyOTE@._V1_UY44_CR17,0,32,44_AL_.jpg]
[www.mymoviecatalog.com/once-upon-a-time-in-hollywood/feed/index.html]
[www.mymoviecatalog.com/wp-json/oembed/1.0/embed96fe.json]
[www.mymoviecatalog.com/wp-json/oembed/1.0/embedc230]
[m.media-amazon.com/images/M/MV5BOTg4ZTNkZmUtMzNlZi00YmFjLTk1MmUtNWQwNTM0YjcyNTNkXkEyXkFqcGdeQXVyNjg2NjQwMDQ@._V1_UX182_CR0,0,182,268_AL_.jpg]
[m.media-amazon.com/images/M/MV5BOTQxODQzMGUtZTA0ZS00Y2NlLTljZjAtYzNlNzUxZjBjZmY4XkEyXkFqcGdeQXZ3ZXNsZXk@._V1_CR246,0,1429,804_AL_UY268_CR81,0,477,268_AL_.jpg]
[m.media-amazon.com/images/M/MV5BZTQzNWEyMzQtMjg5NC00YmVlLWEyN2QtZWM3MTUxMDY3Yjk0XkEyXkFqcGdeQXVyODk4OTc3MTY@._V1_UX99_CR0,0,99,99_AL_.jpg]
[m.media-amazon.com/images/M/MV5BMGRkM2U4NDMtNzE4ZS00NjBjLWIyNWYtMmViYTBmMzgyYmU2XkEyXkFqcGdeQXVyMTkxNjUyNQ@@._V1_UY99_CR21,0,99,99_AL_.jpg]
[m.media-amazon.com/images/M/MV5BZTQ4YzkwNTEtZjQ3Yi00YTg4LWI1MmMtODNkMTM1NzllNmI3XkEyXkFqcGdeQXVyNjg2NjQwMDQ@._V1_UY99_CR24,0,99,99_AL_.jpg]
[m.media-amazon.com/images/M/MV5BODE1NTM0Y2MtNjI3MS00NzkyLWFlY2MtYmIwMTZiZDk2NTZkXkEyXkFqcGdeQXVyMDM2NDM2MQ@@._V1_UX99_CR0,0,99,99_AL_.jpg]
[m.media-amazon.com/images/M/MV5BZWFmZDk2Y2YtNDUzNC00NDc5LWJkNGQtYzllOWE1MWMzOWU2XkEyXkFqcGdeQXVyODk4OTc3MTY@._V1_UX99_CR0,0,99,99_AL_.jpg]
[m.media-amazon.com/images/M/MV5BMWZlZTI2NDEtODMwYy00NzlhLTg2MTQtOWY3NGJkMDE2ZWZkXkEyXkFqcGdeQXVyMDM2NDM2MQ@@._V1_UY99_CR19,0,99,99_AL_.jpg]
[m.media-amazon.com/images/M/MV5BMjI0MTg3MzI0M15BMl5BanBnXkFtZTcwMzQyODU2Mw@@._V1_UY44_CR0,0,32,44_AL_.jpg]
[m.media-amazon.com/images/M/MV5BMjA1MjE2MTQ2MV5BMl5BanBnXkFtZTcwMjE5MDY0Nw@@._V1_UX32_CR0,0,32,44_AL_.jpg]
[m.media-amazon.com/images/M/MV5BMTgxNDcwMzU2Nl5BMl5BanBnXkFtZTcwNDc4NzkzOQ@@._V1_UY44_CR0,0,32,44_AL_.jpg]
[m.media-amazon.com/images/M/MV5BOTQxODQzMGUtZTA0ZS00Y2NlLTljZjAtYzNlNzUxZjBjZmY4XkEyXkFqcGdeQXZ3ZXNsZXk@._V1_SP330,330,0,C,0,0,0_CR65,90,200,150_PIimdb-blackband-204-14,TopLeft,0,0_PIimdb-blackband-204-28,]
[m.media-amazon.com/images/M/MV5BZjM4OTg0NTMtN2NmNS00ZGVjLWFmNWEtZDZiY2Y1ZDFjYWYzXkEyXkFqcGdeQXVyNjk1MjYyNTA@._V1_UY44_CR1,0,32,44_AL_.jpg]
[m.media-amazon.com/images/M/MV5BZmE0NDQ3NTMtY2VjNC00MTZmLTk3NTEtZjU4YWFjYzlhM2VjXkEyXkFqcGdeQW1yb3NzZXI@._V1_SP330,330,0,C,0,0,0_CR65,90,200,150_PIimdb-blackband-204-14,TopLeft,0,0_PIimdb-blackband-204-28,]
[m.media-amazon.com/images/M/MV5BYWZmMDFlMDYtYzk3My00YTg1LTllZWUtYzY2Y2QyNjk2NTZmXkEyXkFqcGdeQXVyMzcxMTAwMDM@._V1_UY44_CR9,0,32,44_AL_.jpg]
[m.media-amazon.com/images/M/MV5BMTc2NzY0OTA2Ml5BMl5BanBnXkFtZTYwNDYzODgz._V1_UX32_CR0,0,32,44_AL_.jpg]
[m.media-amazon.com/images/M/MV5BNDhjNDFlYTAtNTg3Yy00NzAzLTkzYTctMjQ1YWU3MDJlMmFhXkEyXkFqcGdeQXVyMTg1NjAxOQ@@._V1_UX32_CR0,0,32,44_AL_.jpg]
[m.media-amazon.com/images/M/MV5BOTU2MmE0M2UtMzk1NC00NTI0LWFhYjYtYjJjZjJmMmNmNDU4XkEyXkFqcGdeQXZ3ZXNsZXk@._V1_SP330,330,0,C,0,0,0_CR65,90,200,150_PIimdb-blackband-204-14,TopLeft,0,0_PIimdb-blackband-204-28,]
[m.media-amazon.com/images/M/MV5BMjI2MDcwODc2NV5BMl5BanBnXkFtZTcwOTg2NzcwOQ@@._V1_UY44_CR0,0,32,44_AL_.jpg]
[m.media-amazon.com/images/M/MV5BMjAwNjM3NjY5MF5BMl5BanBnXkFtZTcwMjM4NTYwOQ@@._V1_UX32_CR0,0,32,44_AL_.jpg]
[m.media-amazon.com/images/M/MV5BMTIzMDE0MzAzOV5BMl5BanBnXkFtZTYwODQxMDQ1._V1_UX32_CR0,0,32,44_AL_.jpg]
[m.media-amazon.com/images/M/MV5BZmM1MTIwMDgtM2IyNy00NGNlLWE3MGEtNjE5ZWI3NjJhMWMxXkEyXkFqcGdeQXVyOTczODIzMw@@._V1_UY44_CR6,0,32,44_AL_.jpg]
[m.media-amazon.com/images/M/MV5BMTA1Nzk4NDE5MjdeQTJeQWpwZ15BbWU3MDI3MDg2NTg@._V1_UX32_CR0,0,32,44_AL_.jpg]
[m.media-amazon.com/images/M/MV5BMTM2OTcyMDgxMl5BMl5BanBnXkFtZTcwNDU3NTU5OA@@._V1_UX32_CR0,0,32,44_AL_.jpg]
[m.media-amazon.com/images/M/MV5BMTQzMzg1ODAyNl5BMl5BanBnXkFtZTYwMjAxODQ1._V1_UX32_CR0,0,32,44_AL_.jpg]
[m.media-amazon.com/images/M/MV5BMTM2MjUwMzE2Ml5BMl5BanBnXkFtZTYwNTk3OTI2._V1_UX32_CR0,0,32,44_AL_.jpg]
[www.mymoviecatalog.com/once-upon-a-time-in-hollywood/index.html]
[www.mymoviecatalog.com/wp-content/uploads/elementor/css/post-163bfd3.css]
[www.mymoviecatalog.com/index4034.html]
[www.mymoviecatalog.com/wp-content/uploads/2020/03/wp5099327.png]
[www.mymoviecatalog.com/wp-content/plugins/elementor/assets/lib/font-awesome/webfonts/fa-solid-900.svg]
[www.mymoviecatalog.com/wp-content/plugins/fluentform/public/fonts/fluentform2190.svg]
[www.mymoviecatalog.com/wp-content/plugins/elementor/assets/lib/font-awesome/webfonts/fa-regular-400.svg]
[www.mymoviecatalog.com/wp-content/uploads/elementor/css/post-4538c7b.css]
[www.mymoviecatalog.com/index06d3.html]
